Archive member included to satisfy reference by file (symbol)

app/libapp.a(FuncsProj.c.obj)
                              (--whole-archive)
app/libapp.a(exemplo.c.obj)   (--whole-archive)
app/libapp.a(main.c.obj)      (--whole-archive)
zephyr/libzephyr.a(crc32c_sw.c.obj)
                              (--whole-archive)
zephyr/libzephyr.a(crc32_sw.c.obj)
                              (--whole-archive)
zephyr/libzephyr.a(crc24_sw.c.obj)
                              (--whole-archive)
zephyr/libzephyr.a(crc16_sw.c.obj)
                              (--whole-archive)
zephyr/libzephyr.a(crc8_sw.c.obj)
                              (--whole-archive)
zephyr/libzephyr.a(crc7_sw.c.obj)
                              (--whole-archive)
zephyr/libzephyr.a(crc4_sw.c.obj)
                              (--whole-archive)
zephyr/libzephyr.a(heap.c.obj)
                              (--whole-archive)
zephyr/libzephyr.a(cbprintf_packaged.c.obj)
                              (--whole-archive)
zephyr/libzephyr.a(printk.c.obj)
                              (--whole-archive)
zephyr/libzephyr.a(sem.c.obj)
                              (--whole-archive)
zephyr/libzephyr.a(thread_entry.c.obj)
                              (--whole-archive)
zephyr/libzephyr.a(fdtable.c.obj)
                              (--whole-archive)
zephyr/libzephyr.a(cbprintf_complete.c.obj)
                              (--whole-archive)
zephyr/libzephyr.a(cbprintf.c.obj)
                              (--whole-archive)
zephyr/libzephyr.a(assert.c.obj)
                              (--whole-archive)
zephyr/libzephyr.a(mpsc_pbuf.c.obj)
                              (--whole-archive)
zephyr/libzephyr.a(dec.c.obj)
                              (--whole-archive)
zephyr/libzephyr.a(hex.c.obj)
                              (--whole-archive)
zephyr/libzephyr.a(rb.c.obj)  (--whole-archive)
zephyr/libzephyr.a(timeutil.c.obj)
                              (--whole-archive)
zephyr/libzephyr.a(bitarray.c.obj)
                              (--whole-archive)
zephyr/libzephyr.a(onoff.c.obj)
                              (--whole-archive)
zephyr/libzephyr.a(notify.c.obj)
                              (--whole-archive)
zephyr/libzephyr.a(ring_buffer.c.obj)
                              (--whole-archive)
zephyr/libzephyr.a(configs.c.obj)
                              (--whole-archive)
zephyr/libzephyr.a(log_core.c.obj)
                              (--whole-archive)
zephyr/libzephyr.a(log_mgmt.c.obj)
                              (--whole-archive)
zephyr/libzephyr.a(log_cache.c.obj)
                              (--whole-archive)
zephyr/libzephyr.a(log_msg.c.obj)
                              (--whole-archive)
zephyr/libzephyr.a(log_output.c.obj)
                              (--whole-archive)
zephyr/libzephyr.a(log_backend_rtt.c.obj)
                              (--whole-archive)
zephyr/libzephyr.a(mem_attr.c.obj)
                              (--whole-archive)
zephyr/libzephyr.a(tracing_none.c.obj)
                              (--whole-archive)
zephyr/libzephyr.a(addr_utils.c.obj)
                              (--whole-archive)
zephyr/libzephyr.a(kernel_shell.c.obj)
                              (--whole-archive)
zephyr/libzephyr.a(cycles.c.obj)
                              (--whole-archive)
zephyr/libzephyr.a(sleep.c.obj)
                              (--whole-archive)
zephyr/libzephyr.a(uptime.c.obj)
                              (--whole-archive)
zephyr/libzephyr.a(version.c.obj)
                              (--whole-archive)
zephyr/libzephyr.a(log-level.c.obj)
                              (--whole-archive)
zephyr/libzephyr.a(thread.c.obj)
                              (--whole-archive)
zephyr/libzephyr.a(list.c.obj)
                              (--whole-archive)
zephyr/libzephyr.a(stacks.c.obj)
                              (--whole-archive)
zephyr/libzephyr.a(device_service.c.obj)
                              (--whole-archive)
zephyr/libzephyr.a(devmem_service.c.obj)
                              (--whole-archive)
zephyr/libzephyr.a(shell_uart.c.obj)
                              (--whole-archive)
zephyr/libzephyr.a(shell.c.obj)
                              (--whole-archive)
zephyr/libzephyr.a(shell_fprintf.c.obj)
                              (--whole-archive)
zephyr/libzephyr.a(shell_utils.c.obj)
                              (--whole-archive)
zephyr/libzephyr.a(shell_ops.c.obj)
                              (--whole-archive)
zephyr/libzephyr.a(shell_log_backend.c.obj)
                              (--whole-archive)
zephyr/libzephyr.a(shell_help.c.obj)
                              (--whole-archive)
zephyr/libzephyr.a(shell_cmds.c.obj)
                              (--whole-archive)
zephyr/libzephyr.a(shell_history.c.obj)
                              (--whole-archive)
zephyr/libzephyr.a(shell_wildcard.c.obj)
                              (--whole-archive)
zephyr/arch/common/libarch__common.a(sw_isr_common.c.obj)
                              (--whole-archive)
[...]
Memory Configuration

Name             Origin             Length             Attributes
FLASH            0x0000000000000000 0x0000000000080000 xr
RAM              0x0000000020000000 0x0000000000020000 xw
IDT_LIST         0x00000000ffff7fff 0x0000000000008000 xw
*default*        0x0000000000000000 0xffffffffffffffff

Linker script and memory map

LOAD zephyr/CMakeFiles/zephyr_pre0.dir/misc/empty_file.c.obj
LOAD zephyr/CMakeFiles/offsets.dir/./arch/arm/core/offsets/offsets.c.obj
LOAD app/libapp.a
LOAD zephyr/libzephyr.a
LOAD zephyr/arch/common/libarch__common.a
LOAD zephyr/arch/arch/arm/core/libarch__arm__core.a
LOAD zephyr/arch/arch/arm/core/cortex_m/libarch__arm__core__cortex_m.a
LOAD zephyr/arch/arch/arm/core/mpu/libarch__arm__core__mpu.a
LOAD zephyr/lib/libc/newlib/liblib__libc__newlib.a
LOAD zephyr/lib/libc/common/liblib__libc__common.a
LOAD zephyr/lib/posix/options/liblib__posix__options.a
LOAD zephyr/lib/net_buf/liblib__net_buf.a
LOAD zephyr/lib/os/zvfs/liblib__os__zvfs.a
LOAD zephyr/soc/soc/nrf52833/libsoc__nordic.a
LOAD zephyr/subsys/random/libsubsys__random.a
LOAD zephyr/subsys/net/libsubsys__net.a
LOAD zephyr/subsys/net/l2/ethernet/libsubsys__net__l2__ethernet.a
LOAD zephyr/subsys/net/ip/libsubsys__net__ip.a
LOAD zephyr/subsys/net/lib/config/libsubsys__net__lib__config.a
LOAD zephyr/subsys/net/lib/dns/libsubsys__net__lib__dns.a
LOAD zephyr/drivers/clock_control/libdrivers__clock_control.a
LOAD zephyr/drivers/console/libdrivers__console.a
LOAD zephyr/drivers/entropy/libdrivers__entropy.a
LOAD zephyr/drivers/ethernet/libdrivers__ethernet.a
LOAD zephyr/drivers/gpio/libdrivers__gpio.a
LOAD zephyr/drivers/pinctrl/libdrivers__pinctrl.a
LOAD zephyr/drivers/serial/libdrivers__serial.a
LOAD zephyr/drivers/spi/libdrivers__spi.a
LOAD zephyr/drivers/timer/libdrivers__timer.a
LOAD modules/hal_nordic/nrfx/libmodules__hal_nordic__nrfx.a
LOAD modules/segger/libmodules__segger.a
LOAD zephyr/kernel/libkernel.a
LOAD zephyr/arch/common/libisr_tables.a
LOAD C:/ncs/toolchains/2d382dcd92/opt/zephyr-sdk/arm-zephyr-eabi/arm-zephyr-eabi/lib/thumb/v7e-m/nofp\libm.a
LOAD C:/ncs/toolchains/2d382dcd92/opt/zephyr-sdk/arm-zephyr-eabi/arm-zephyr-eabi/lib/thumb/v7e-m/nofp\libc.a
LOAD c:/ncs/toolchains/2d382dcd92/opt/zephyr-sdk/arm-zephyr-eabi/bin/../lib/gcc/arm-zephyr-eabi/12.2.0/thumb/v7e-m/nofp\libgcc.a
LOAD C:/ncs/toolchains/2d382dcd92/opt/zephyr-sdk/arm-zephyr-eabi/arm-zephyr-eabi/lib/thumb/v7e-m/nofp\libc.a
                0x0000000000000020                _region_min_align = 0x20

.rel.plt        0x0000000000000000        0x0
 *(SORT_BY_ALIGNMENT(.rel.plt))
                [!provide]                        PROVIDE (__rel_iplt_start = .)
 *(SORT_BY_ALIGNMENT(.rel.iplt))
 .rel.iplt      0x0000000000000000        0x0 app/libapp.a(main.c.obj)
                [!provide]                        PROVIDE (__rel_iplt_end = .)

.rela.plt       0x0000000000000000        0x0
 *(SORT_BY_ALIGNMENT(.rela.plt))
                [!provide]                        PROVIDE (__rela_iplt_start = .)
 *(SORT_BY_ALIGNMENT(.rela.iplt))
                [!provide]                        PROVIDE (__rela_iplt_end = .)

.rel.dyn
 *(SORT_BY_ALIGNMENT(.rel.*))

.rela.dyn
 *(SORT_BY_ALIGNMENT(.rela.*))

/DISCARD/
 *(SORT_BY_ALIGNMENT(.plt))

/DISCARD/
 *(SORT_BY_ALIGNMENT(.iplt))
                0x0000000000000000                __rom_region_start = 0x0

rom_start       0x0000000000000000      0x100
                0x0000000000000000                __rom_start_address = .
 FILL mask 0x00
                0x0000000000000000                . = (. + (0x0 - (. - __rom_start_address)))
                0x0000000000000000                . = ALIGN (0x4)
                0x0000000000000000                . = ALIGN (0x80)
                0x0000000000000000                . = ALIGN (0x100)
                0x0000000000000000                _vector_start = .
 *(SORT_BY_ALIGNMENT(.exc_vector_table))
 *(SORT_BY_ALIGNMENT(.exc_vector_table.*))
 .exc_vector_table._vector_table_section
                0x0000000000000000       0x40 zephyr/arch/arch/arm/core/cortex_m/libarch__arm__core__cortex_m.a(vector_table.S.obj)
                0x0000000000000000                _vector_table
 *(SORT_BY_ALIGNMENT(.vectors))
                0x0000000000000100                _vector_end = .
                0x0000000000000040                . = ALIGN (0x4)
 *(SORT_BY_ALIGNMENT(.gnu.linkonce.irq_vector_table*))
 .gnu.linkonce.irq_vector_table
                0x0000000000000040       0xc0 zephyr/arch/common/libisr_tables.a(isr_tables.c.obj)
                0x0000000000000040                _irq_vector_table
                0x0000000000000100                _vector_end = .

text            0x0000000000000100    0x265d8
                0x0000000000000100                __text_region_start = .
 *(SORT_BY_ALIGNMENT(.text))
 .text          0x0000000000000100       0xdc C:/ncs/toolchains/2d382dcd92/opt/zephyr-sdk/arm-zephyr-eabi/arm-zephyr-eabi/lib/thumb/v7e-m/nofp\libc.a(lib_a-strlen.o)
                0x0000000000000100                strlen
 *fill*         0x00000000000001dc        0x4 
 .text          0x00000000000001e0      0x2dc C:/ncs/toolchains/2d382dcd92/opt/zephyr-sdk/arm-zephyr-eabi/arm-zephyr-eabi/lib/thumb/v7e-m/nofp\libc.a(lib_a-strcmp.o)
                0x00000000000001e8                strcmp
 *fill*         0x00000000000004bc        0x4 
 .text          0x00000000000004c0       0xa0 C:/ncs/toolchains/2d382dcd92/opt/zephyr-sdk/arm-zephyr-eabi/arm-zephyr-eabi/lib/thumb/v7e-m/nofp\libc.a(lib_a-memchr.o)
                0x00000000000004c0                memchr
 .text          0x0000000000000560      0x134 C:/ncs/toolchains/2d382dcd92/opt/zephyr-sdk/arm-zephyr-eabi/arm-zephyr-eabi/lib/thumb/v7e-m/nofp\libc.a(lib_a-memcpy.o)
                0x0000000000000560                memcpy
 .text          0x0000000000000694      0x378 c:/ncs/toolchains/2d382dcd92/opt/zephyr-sdk/arm-zephyr-eabi/bin/../lib/gcc/arm-zephyr-eabi/12.2.0/thumb/v7e-m/nofp\libgcc.a(_arm_addsubdf3.o)
                0x0000000000000694                __aeabi_drsub
                0x000000000000069c                __aeabi_dsub
                0x000000000000069c                __subdf3
                0x00000000000006a0                __aeabi_dadd
                0x00000000000006a0                __adddf3
                0x0000000000000918                __floatunsidf
                0x0000000000000918                __aeabi_ui2d
                0x0000000000000938                __floatsidf
                0x0000000000000938                __aeabi_i2d
                0x000000000000095c                __aeabi_f2d
                0x000000000000095c                __extendsfdf2
                0x00000000000009a0                __floatundidf
                0x00000000000009a0                __aeabi_ul2d
                0x00000000000009b0                __floatdidf
                0x00000000000009b0                __aeabi_l2d
 .text          0x0000000000000a0c      0x424 c:/ncs/toolchains/2d382dcd92/opt/zephyr-sdk/arm-zephyr-eabi/bin/../lib/gcc/arm-zephyr-eabi/12.2.0/thumb/v7e-m/nofp\libgcc.a(_arm_muldivdf3.o)
                0x0000000000000a0c                __aeabi_dmul
                0x0000000000000a0c                __muldf3
                0x0000000000000c60                __divdf3
                0x0000000000000c60                __aeabi_ddiv
 .text          0x0000000000000e30      0x110 c:/ncs/toolchains/2d382dcd92/opt/zephyr-sdk/arm-zephyr-eabi/bin/../lib/gcc/arm-zephyr-eabi/12.2.0/thumb/v7e-m/nofp\libgcc.a(_arm_cmpdf2.o)
                0x0000000000000e30                __gtdf2
                0x0000000000000e30                __gedf2
                0x0000000000000e38                __ltdf2
                0x0000000000000e38                __ledf2
                0x0000000000000e40                __nedf2
                0x0000000000000e40                __eqdf2
                0x0000000000000e40                __cmpdf2
                0x0000000000000ebc                __aeabi_cdrcmple
                0x0000000000000ecc                __aeabi_cdcmpeq
                0x0000000000000ecc                __aeabi_cdcmple
                0x0000000000000edc                __aeabi_dcmpeq
                0x0000000000000ef0                __aeabi_dcmplt
                0x0000000000000f04                __aeabi_dcmple
                0x0000000000000f18                __aeabi_dcmpge
                0x0000000000000f2c                __aeabi_dcmpgt
 .text          0x0000000000000f40       0x2c c:/ncs/toolchains/2d382dcd92/opt/zephyr-sdk/arm-zephyr-eabi/bin/../lib/gcc/arm-zephyr-eabi/12.2.0/thumb/v7e-m/nofp\libgcc.a(_arm_unorddf2.o)
                0x0000000000000f40                __unorddf2
                0x0000000000000f40                __aeabi_dcmpun
 .text          0x0000000000000f6c       0x50 c:/ncs/toolchains/2d382dcd92/opt/zephyr-sdk/arm-zephyr-eabi/bin/../lib/gcc/arm-zephyr-eabi/12.2.0/thumb/v7e-m/nofp\libgcc.a(_arm_fixdfsi.o)
                0x0000000000000f6c                __aeabi_d2iz
                0x0000000000000f6c                __fixdfsi
 .text          0x0000000000000fbc       0xa0 c:/ncs/toolchains/2d382dcd92/opt/zephyr-sdk/arm-zephyr-eabi/bin/../lib/gcc/arm-zephyr-eabi/12.2.0/thumb/v7e-m/nofp\libgcc.a(_aeabi_ldivmod.o)
                0x0000000000000fbc                __aeabi_ldivmod
 .text          0x000000000000105c       0x30 c:/ncs/toolchains/2d382dcd92/opt/zephyr-sdk/arm-zephyr-eabi/bin/../lib/gcc/arm-zephyr-eabi/12.2.0/thumb/v7e-m/nofp\libgcc.a(_aeabi_uldivmod.o)
                0x000000000000105c                __aeabi_uldivmod
 .text          0x000000000000108c        0x4 c:/ncs/toolchains/2d382dcd92/opt/zephyr-sdk/arm-zephyr-eabi/bin/../lib/gcc/arm-zephyr-eabi/12.2.0/thumb/v7e-m/nofp\libgcc.a(_dvmd_tls.o)
                0x000000000000108c                __aeabi_idiv0
                0x000000000000108c                __aeabi_ldiv0
 .text          0x0000000000001090      0x2a0 c:/ncs/toolchains/2d382dcd92/opt/zephyr-sdk/arm-zephyr-eabi/bin/../lib/gcc/arm-zephyr-eabi/12.2.0/thumb/v7e-m/nofp\libgcc.a(_udivmoddi4.o)
                0x0000000000001090                __udivmoddi4
 *(SORT_BY_ALIGNMENT(.text.*))
 .text.cmd_kernel_uptime
                0x0000000000001330       0xe8 zephyr/libzephyr.a(uptime.c.obj)
 .text._dtoa_r  0x0000000000001418      0xe48 C:/ncs/toolchains/2d382dcd92/opt/zephyr-sdk/arm-zephyr-eabi/arm-zephyr-eabi/lib/thumb/v7e-m/nofp\libc.a(lib_a-dtoa.o)
                0x0000000000001418                _dtoa_r
 .text.init_network.part.0
                0x0000000000002260       0x1c app/libapp.a(main.c.obj)
 .text.init_network
                0x000000000000227c       0x4c app/libapp.a(main.c.obj)
                0x000000000000227c                init_network
 .text.init_spi
                0x00000000000022c8       0x58 app/libapp.a(main.c.obj)
                0x00000000000022c8                init_spi
 .text.print_ipv4_addresses
                0x0000000000002320       0x54 app/libapp.a(main.c.obj)
                0x0000000000002320                print_ipv4_addresses
 .text.configIPV4
                0x0000000000002374       0x94 app/libapp.a(main.c.obj)
                0x0000000000002374                configIPV4
 .text.pingParaGateway
                0x0000000000002408       0x5c app/libapp.a(main.c.obj)
                0x0000000000002408                pingParaGateway
 .text.main     0x0000000000002464       0x5c app/libapp.a(main.c.obj)
                0x0000000000002464                main
 .text.cbvprintf_package
                0x00000000000024c0      0x3a4 zephyr/libzephyr.a(cbprintf_packaged.c.obj)
                0x00000000000024c0                cbvprintf_package
 .text.cbprintf_package_convert
                0x0000000000002864      0x3d4 zephyr/libzephyr.a(cbprintf_packaged.c.obj)
                0x0000000000002864                cbprintf_package_convert
 .text.__printk_hook_install
                0x0000000000002c38        0xc zephyr/libzephyr.a(printk.c.obj)
                0x0000000000002c38                __printk_hook_install
 .text.vsnprintk
                0x0000000000002c44       0x2c zephyr/libzephyr.a(printk.c.obj)
                0x0000000000002c44                vsnprintk
 .text._check_fd
                0x0000000000002c70       0x30 zephyr/libzephyr.a(fdtable.c.obj)
 .text.z_fd_unref.isra.0
                0x0000000000002ca0       0x4c zephyr/libzephyr.a(fdtable.c.obj)
 .text.zvfs_get_fd_obj
                0x0000000000002cec       0x38 zephyr/libzephyr.a(fdtable.c.obj)
                0x0000000000002cec                zvfs_get_fd_obj
 .text.zvfs_get_obj_lock_and_cond
                0x0000000000002d24       0x60 zephyr/libzephyr.a(fdtable.c.obj)
                0x0000000000002d24                zvfs_get_obj_lock_and_cond
 .text.zvfs_get_fd_obj_and_vtable
                0x0000000000002d84       0x34 zephyr/libzephyr.a(fdtable.c.obj)
                0x0000000000002d84                zvfs_get_fd_obj_and_vtable
 .text.zvfs_reserve_fd
                0x0000000000002db8       0x84 zephyr/libzephyr.a(fdtable.c.obj)
                0x0000000000002db8                zvfs_reserve_fd
 .text.zvfs_finalize_typed_fd
                0x0000000000002e3c       0x30 zephyr/libzephyr.a(fdtable.c.obj)
                0x0000000000002e3c                zvfs_finalize_typed_fd
 .text.zvfs_close
                0x0000000000002e6c       0x60 zephyr/libzephyr.a(fdtable.c.obj)
                0x0000000000002e6c                zvfs_close
 .text.extract_decimal
                0x0000000000002ecc       0x2c zephyr/libzephyr.a(cbprintf_complete.c.obj)
 .text.encode_uint
                0x0000000000002ef8       0x9c zephyr/libzephyr.a(cbprintf_complete.c.obj)
 .text.z_cbvprintf_impl
                0x0000000000002f94      0x76c zephyr/libzephyr.a(cbprintf_complete.c.obj)
                0x0000000000002f94                z_cbvprintf_impl
 .text.process_event
                0x0000000000003700      0x21c zephyr/libzephyr.a(onoff.c.obj)
 .text.activate_foreach_backend
                0x000000000000391c       0x64 zephyr/libzephyr.a(log_core.c.obj)
 .text.enable_logger
                0x0000000000003980       0x5c zephyr/libzephyr.a(log_core.c.obj)
 .text.log_process_thread_timer_expiry_fn
                0x00000000000039dc        0xc zephyr/libzephyr.a(log_core.c.obj)
 .text.z_log_init
                0x00000000000039e8       0x90 zephyr/libzephyr.a(log_core.c.obj)
 .text.log_format_func_t_get
                0x0000000000003a78        0xc zephyr/libzephyr.a(log_core.c.obj)
                0x0000000000003a78                log_format_func_t_get
 .text.log_set_timestamp_func
                0x0000000000003a84       0x20 zephyr/libzephyr.a(log_core.c.obj)
                0x0000000000003a84                log_set_timestamp_func
 .text.z_log_notify_backend_enabled
                0x0000000000003aa4       0x1c zephyr/libzephyr.a(log_core.c.obj)
                0x0000000000003aa4                z_log_notify_backend_enabled
 .text.z_log_dropped
                0x0000000000003ac0       0x44 zephyr/libzephyr.a(log_core.c.obj)
                0x0000000000003ac0                z_log_dropped
 .text.z_log_dropped_read_and_clear
                0x0000000000003b04       0x20 zephyr/libzephyr.a(log_core.c.obj)
                0x0000000000003b04                z_log_dropped_read_and_clear
 .text.dropped_notify
                0x0000000000003b24       0x30 zephyr/libzephyr.a(log_core.c.obj)
                0x0000000000003b24                dropped_notify
 .text.z_log_msg_init
                0x0000000000003b54       0x20 zephyr/libzephyr.a(log_core.c.obj)
                0x0000000000003b54                z_log_msg_init
 .text.log_core_init
                0x0000000000003b74       0x38 zephyr/libzephyr.a(log_core.c.obj)
                0x0000000000003b74                log_core_init
 .text.z_log_msg_alloc
                0x0000000000003bac       0x10 zephyr/libzephyr.a(log_core.c.obj)
                0x0000000000003bac                z_log_msg_alloc
 .text.z_log_msg_local_claim
                0x0000000000003bbc        0xc zephyr/libzephyr.a(log_core.c.obj)
                0x0000000000003bbc                z_log_msg_local_claim
 .text.z_log_msg_free
                0x0000000000003bc8       0x10 zephyr/libzephyr.a(log_core.c.obj)
                0x0000000000003bc8                z_log_msg_free
 .text.z_log_msg_pending
                0x0000000000003bd8        0xc zephyr/libzephyr.a(log_core.c.obj)
                0x0000000000003bd8                z_log_msg_pending
 .text.z_impl_log_process
                0x0000000000003be4       0xf4 zephyr/libzephyr.a(log_core.c.obj)
                0x0000000000003be4                z_impl_log_process
 .text.z_impl_log_panic
                0x0000000000003cd8       0x44 zephyr/libzephyr.a(log_core.c.obj)
                0x0000000000003cd8                z_impl_log_panic
 .text.log_process_thread_func
                0x0000000000003d1c       0x9c zephyr/libzephyr.a(log_core.c.obj)
 .text.z_log_msg_post_finalize
                0x0000000000003db8       0x78 zephyr/libzephyr.a(log_core.c.obj)
 .text.z_log_msg_commit
                0x0000000000003e30       0x24 zephyr/libzephyr.a(log_core.c.obj)
                0x0000000000003e30                z_log_msg_commit
 .text.log_source_name_get
                0x0000000000003e54       0x1c zephyr/libzephyr.a(log_mgmt.c.obj)
                0x0000000000003e54                log_source_name_get
 .text.z_log_runtime_filters_init
                0x0000000000003e70       0x3c zephyr/libzephyr.a(log_mgmt.c.obj)
                0x0000000000003e70                z_log_runtime_filters_init
 .text.log_source_id_get
                0x0000000000003eac       0x38 zephyr/libzephyr.a(log_mgmt.c.obj)
                0x0000000000003eac                log_source_id_get
 .text.filter_set
                0x0000000000003ee4       0xbc zephyr/libzephyr.a(log_mgmt.c.obj)
                0x0000000000003ee4                filter_set
 .text.backend_filter_set
                0x0000000000003fa0       0x30 zephyr/libzephyr.a(log_mgmt.c.obj)
 .text.log_backend_enable
                0x0000000000003fd0       0x34 zephyr/libzephyr.a(log_mgmt.c.obj)
                0x0000000000003fd0                log_backend_enable
 .text.log_filter_get
                0x0000000000004004       0x4c zephyr/libzephyr.a(log_mgmt.c.obj)
                0x0000000000004004                log_filter_get
 .text.z_impl_z_log_msg_static_create
                0x0000000000004050      0x110 zephyr/libzephyr.a(log_msg.c.obj)
                0x0000000000004050                z_impl_z_log_msg_static_create
 .text.z_log_msg_runtime_vcreate
                0x0000000000004160       0xb0 zephyr/libzephyr.a(log_msg.c.obj)
                0x0000000000004160                z_log_msg_runtime_vcreate
 .text.log_msg_get_source_id
                0x0000000000004210       0x18 zephyr/libzephyr.a(log_msg.c.obj)
                0x0000000000004210                log_msg_get_source_id
 .text.print_formatted
                0x0000000000004228       0x24 zephyr/libzephyr.a(log_output.c.obj)
 .text.newline_print
                0x000000000000424c       0x1c zephyr/libzephyr.a(log_output.c.obj)
 .text.log_output_process
                0x0000000000004268      0x2dc zephyr/libzephyr.a(log_output.c.obj)
                0x0000000000004268                log_output_process
 .text.log_output_dropped_process
                0x0000000000004544       0x58 zephyr/libzephyr.a(log_output.c.obj)
                0x0000000000004544                log_output_dropped_process
 .text.log_output_timestamp_freq_set
                0x000000000000459c       0x2c zephyr/libzephyr.a(log_output.c.obj)
                0x000000000000459c                log_output_timestamp_freq_set
 .text.log_backend_rtt_init
                0x00000000000045c8        0xc zephyr/libzephyr.a(log_backend_rtt.c.obj)
 .text.format_set
                0x00000000000045d4        0xc zephyr/libzephyr.a(log_backend_rtt.c.obj)
 .text.dropped  0x00000000000045e0        0xc zephyr/libzephyr.a(log_backend_rtt.c.obj)
 .text.process  0x00000000000045ec       0x24 zephyr/libzephyr.a(log_backend_rtt.c.obj)
 .text.panic    0x0000000000004610       0x34 zephyr/libzephyr.a(log_backend_rtt.c.obj)
 .text.on_failed_write
                0x0000000000004644       0x28 zephyr/libzephyr.a(log_backend_rtt.c.obj)
 .text.data_out_block_mode
                0x000000000000466c       0x88 zephyr/libzephyr.a(log_backend_rtt.c.obj)
 .text.mem_attr_get_regions
                0x00000000000046f4        0xc zephyr/libzephyr.a(mem_attr.c.obj)
                0x00000000000046f4                mem_attr_get_regions
 .text.cmd_kernel_cycles
                0x0000000000004700       0x1c zephyr/libzephyr.a(cycles.c.obj)
 .text.cmd_kernel_sleep
                0x000000000000471c       0x50 zephyr/libzephyr.a(sleep.c.obj)
 .text.cmd_kernel_version
                0x000000000000476c       0x18 zephyr/libzephyr.a(version.c.obj)
 .text.cmd_kernel_log_level_set
                0x0000000000004784       0x7c zephyr/libzephyr.a(log-level.c.obj)
 .text.cmd_kernel_thread_list
                0x0000000000004800       0x34 zephyr/libzephyr.a(list.c.obj)
 .text.shell_tdata_dump
                0x0000000000004834       0xb8 zephyr/libzephyr.a(list.c.obj)
 .text.cmd_kernel_thread_stacks
                0x00000000000048ec       0x70 zephyr/libzephyr.a(stacks.c.obj)
 .text.shell_stack_dump
                0x000000000000495c       0x60 zephyr/libzephyr.a(stacks.c.obj)
 .text.cmd_device_list
                0x00000000000049bc       0x8c zephyr/libzephyr.a(device_service.c.obj)
 .text.cmd_devmem
                0x0000000000004a48       0xc4 zephyr/libzephyr.a(devmem_service.c.obj)
 .text.cmd_dump
                0x0000000000004b0c      0x18c zephyr/libzephyr.a(devmem_service.c.obj)
 .text.set_bypass.isra.0
                0x0000000000004c98       0x4c zephyr/libzephyr.a(devmem_service.c.obj)
 .text.bypass_cb
                0x0000000000004ce4      0x114 zephyr/libzephyr.a(devmem_service.c.obj)
 .text.cmd_load
                0x0000000000004df8       0xd8 zephyr/libzephyr.a(devmem_service.c.obj)
 .text.enable_shell_uart
                0x0000000000004ed0       0x38 zephyr/libzephyr.a(shell_uart.c.obj)
 .text.init     0x0000000000004f08       0x60 zephyr/libzephyr.a(shell_uart.c.obj)
 .text.uart_callback
                0x0000000000004f68      0x100 zephyr/libzephyr.a(shell_uart.c.obj)
 .text.shell_internal_help_print
                0x0000000000005068       0x20 zephyr/libzephyr.a(shell.c.obj)
 .text.z_cursor_next_line_move.isra.0
                0x0000000000005088        0xc zephyr/libzephyr.a(shell.c.obj)
 .text.history_handle
                0x0000000000005094       0xac zephyr/libzephyr.a(shell.c.obj)
 .text.execute  0x0000000000005140      0x2c8 zephyr/libzephyr.a(shell.c.obj)
 .text.state_set.constprop.0
                0x0000000000005408       0x4c zephyr/libzephyr.a(shell.c.obj)
 .text.shell_process
                0x0000000000005454      0x6d0 zephyr/libzephyr.a(shell.c.obj)
                0x0000000000005454                shell_process
 .text.shell_thread
                0x0000000000005b24       0xd8 zephyr/libzephyr.a(shell.c.obj)
                0x0000000000005b24                shell_thread
 .text.cmd_help
                0x0000000000005bfc       0x44 zephyr/libzephyr.a(shell.c.obj)
 .text.shell_hexdump_line
                0x0000000000005c40       0xd0 zephyr/libzephyr.a(shell.c.obj)
                0x0000000000005c40                shell_hexdump_line
 .text.shell_init
                0x0000000000005d10       0xe8 zephyr/libzephyr.a(shell.c.obj)
                0x0000000000005d10                shell_init
 .text.z_shell_fprintf_fmt
                0x0000000000005df8       0x30 zephyr/libzephyr.a(shell_fprintf.c.obj)
                0x0000000000005df8                z_shell_fprintf_fmt
 .text.z_shell_make_argv
                0x0000000000005e28      0x1b8 zephyr/libzephyr.a(shell_utils.c.obj)
                0x0000000000005e28                z_shell_make_argv
 .text.z_shell_cmd_get
                0x0000000000005fe0       0x74 zephyr/libzephyr.a(shell_utils.c.obj)
                0x0000000000005fe0                z_shell_cmd_get
 .text.z_shell_spaces_trim
                0x0000000000006054       0x6c zephyr/libzephyr.a(shell_utils.c.obj)
                0x0000000000006054                z_shell_spaces_trim
 .text.z_shell_cmd_trim
                0x00000000000060c0       0x7c zephyr/libzephyr.a(shell_utils.c.obj)
                0x00000000000060c0                z_shell_cmd_trim
 .text.z_clear_eos
                0x000000000000613c       0x18 zephyr/libzephyr.a(shell_ops.c.obj)
 .text.z_cursor_next_line_move.isra.0
                0x0000000000006154        0xc zephyr/libzephyr.a(shell_ops.c.obj)
 .text.z_shell_op_cursor_vert_move
                0x0000000000006160       0x2c zephyr/libzephyr.a(shell_ops.c.obj)
                0x0000000000006160                z_shell_op_cursor_vert_move
 .text.z_shell_op_cursor_horiz_move
                0x000000000000618c       0x2c zephyr/libzephyr.a(shell_ops.c.obj)
                0x000000000000618c                z_shell_op_cursor_horiz_move
 .text.z_shell_op_cursor_word_move
                0x00000000000061b8       0x7c zephyr/libzephyr.a(shell_ops.c.obj)
                0x00000000000061b8                z_shell_op_cursor_word_move
 .text.z_shell_print_cmd
                0x0000000000006234       0x78 zephyr/libzephyr.a(shell_ops.c.obj)
                0x0000000000006234                z_shell_print_cmd
 .text.z_shell_vt100_color_set
                0x00000000000062ac       0x40 zephyr/libzephyr.a(shell_ops.c.obj)
                0x00000000000062ac                z_shell_vt100_color_set
 .text.z_shell_vt100_colors_restore
                0x00000000000062ec       0x3c zephyr/libzephyr.a(shell_ops.c.obj)
                0x00000000000062ec                z_shell_vt100_colors_restore
 .text.z_shell_op_word_remove
                0x0000000000006328       0xc8 zephyr/libzephyr.a(shell_ops.c.obj)
                0x0000000000006328                z_shell_op_word_remove
 .text.reprint_from_cursor
                0x00000000000063f0       0x7c zephyr/libzephyr.a(shell_ops.c.obj)
 .text.z_shell_op_char_insert
                0x000000000000646c       0x70 zephyr/libzephyr.a(shell_ops.c.obj)
                0x000000000000646c                z_shell_op_char_insert
 .text.z_shell_print_prompt_and_cmd
                0x00000000000064dc       0x30 zephyr/libzephyr.a(shell_ops.c.obj)
                0x00000000000064dc                z_shell_print_prompt_and_cmd
 .text.z_cursor_next_line_move.isra.0
                0x000000000000650c        0xc zephyr/libzephyr.a(shell_help.c.obj)
 .text.formatted_text_print.constprop.0
                0x0000000000006518       0xe4 zephyr/libzephyr.a(shell_help.c.obj)
 .text.z_shell_help_subcmd_print
                0x00000000000065fc       0xe4 zephyr/libzephyr.a(shell_help.c.obj)
                0x00000000000065fc                z_shell_help_subcmd_print
 .text.z_shell_help_cmd_print
                0x00000000000066e0       0x40 zephyr/libzephyr.a(shell_help.c.obj)
                0x00000000000066e0                z_shell_help_cmd_print
 .text.z_shell_help_request
                0x0000000000006720       0x28 zephyr/libzephyr.a(shell_help.c.obj)
                0x0000000000006720                z_shell_help_request
 .text.cmd_resize_default
                0x0000000000006748       0x2c zephyr/libzephyr.a(shell_cmds.c.obj)
 .text.cmd_shell_stats_show
                0x0000000000006774       0x14 zephyr/libzephyr.a(shell_cmds.c.obj)
 .text.cmd_backends
                0x0000000000006788       0x4c zephyr/libzephyr.a(shell_cmds.c.obj)
 .text.cmd_prompt_off
                0x00000000000067d4       0x10 zephyr/libzephyr.a(shell_cmds.c.obj)
 .text.cmd_history
                0x00000000000067e4       0x40 zephyr/libzephyr.a(shell_cmds.c.obj)
 .text.cmd_get_retval
                0x0000000000006824       0x1c zephyr/libzephyr.a(shell_cmds.c.obj)
 .text.cmd_echo
                0x0000000000006840       0x50 zephyr/libzephyr.a(shell_cmds.c.obj)
 .text.cmd_clear
                0x0000000000006890       0x34 zephyr/libzephyr.a(shell_cmds.c.obj)
 .text.cmd_resize
                0x00000000000068c4      0x1a0 zephyr/libzephyr.a(shell_cmds.c.obj)
 .text.z_shell_wildcard_process
                0x0000000000006a64       0xe4 zephyr/libzephyr.a(shell_wildcard.c.obj)
                0x0000000000006a64                z_shell_wildcard_process
 .text.z_arm_fatal_error
                0x0000000000006b48       0xe0 zephyr/arch/arch/arm/core/libarch__arm__core.a(fatal.c.obj)
                0x0000000000006b48                z_arm_fatal_error
 .text.z_SysNmiOnReset
                0x0000000000006c28        0x8 zephyr/arch/arch/arm/core/libarch__arm__core.a(nmi_on_reset.S.obj)
                0x0000000000006c28                z_SysNmiOnReset
 .text._HandlerModeExit
                0x0000000000006c30       0x28 zephyr/arch/arch/arm/core/cortex_m/libarch__arm__core__cortex_m.a(exc_exit.c.obj)
                0x0000000000006c30                z_arm_int_exit
                0x0000000000006c30                z_arm_exc_exit
 .text.bus_fault.constprop.0
                0x0000000000006c58      0x108 zephyr/arch/arch/arm/core/cortex_m/libarch__arm__core__cortex_m.a(fault.c.obj)
 .text.usage_fault.constprop.0
                0x0000000000006d60       0xdc zephyr/arch/arch/arm/core/cortex_m/libarch__arm__core__cortex_m.a(fault.c.obj)
 .text.mem_manage_fault
                0x0000000000006e3c      0x140 zephyr/arch/arch/arm/core/cortex_m/libarch__arm__core__cortex_m.a(fault.c.obj)
 .text.z_arm_fault
                0x0000000000006f7c      0x20c zephyr/arch/arch/arm/core/cortex_m/libarch__arm__core__cortex_m.a(fault.c.obj)
                0x0000000000006f7c                z_arm_fault
 .text.z_arm_fault_init
                0x0000000000007188       0x18 zephyr/arch/arch/arm/core/cortex_m/libarch__arm__core__cortex_m.a(fault.c.obj)
                0x0000000000007188                z_arm_fault_init
 .text.__fault  0x00000000000071a0       0x14 zephyr/arch/arch/arm/core/cortex_m/libarch__arm__core__cortex_m.a(fault_s.S.obj)
                0x00000000000071a0                z_arm_usage_fault
                0x00000000000071a0                z_arm_mpu_fault
                0x00000000000071a0                z_arm_exc_spurious
                0x00000000000071a0                z_arm_debug_monitor
                0x00000000000071a0                z_arm_hard_fault
                0x00000000000071a0                z_arm_bus_fault
 .text._reset_section
                0x00000000000071b4       0x3c zephyr/arch/arch/arm/core/cortex_m/libarch__arm__core__cortex_m.a(reset.S.obj)
                0x00000000000071b4                __start
                0x00000000000071b4                z_arm_reset
 .text.z_impl_k_thread_abort
                0x00000000000071f0       0x2c zephyr/arch/arch/arm/core/cortex_m/libarch__arm__core__cortex_m.a(thread_abort.c.obj)
                0x00000000000071f0                z_impl_k_thread_abort
 .text.arch_swap
                0x000000000000721c       0x34 zephyr/arch/arch/arm/core/cortex_m/libarch__arm__core__cortex_m.a(swap.c.obj)
                0x000000000000721c                arch_swap
 .text.z_arm_pendsv
                0x0000000000007250       0x58 zephyr/arch/arch/arm/core/cortex_m/libarch__arm__core__cortex_m.a(swap_helper.S.obj)
                0x0000000000007250                z_arm_pendsv
 .text.z_arm_svc
                0x00000000000072a8       0x24 zephyr/arch/arch/arm/core/cortex_m/libarch__arm__core__cortex_m.a(swap_helper.S.obj)
                0x00000000000072a8                z_arm_svc
 .text.arch_irq_enable
                0x00000000000072cc       0x1c zephyr/arch/arch/arm/core/cortex_m/libarch__arm__core__cortex_m.a(irq_manage.c.obj)
                0x00000000000072cc                arch_irq_enable
 .text.arch_irq_disable
                0x00000000000072e8       0x28 zephyr/arch/arch/arm/core/cortex_m/libarch__arm__core__cortex_m.a(irq_manage.c.obj)
                0x00000000000072e8                arch_irq_disable
 .text.arch_irq_is_enabled
                0x0000000000007310       0x1c zephyr/arch/arch/arm/core/cortex_m/libarch__arm__core__cortex_m.a(irq_manage.c.obj)
                0x0000000000007310                arch_irq_is_enabled
 .text.z_arm_irq_priority_set
                0x000000000000732c       0x30 zephyr/arch/arch/arm/core/cortex_m/libarch__arm__core__cortex_m.a(irq_manage.c.obj)
                0x000000000000732c                z_arm_irq_priority_set
 .text.z_prep_c
                0x000000000000735c       0x48 zephyr/arch/arch/arm/core/cortex_m/libarch__arm__core__cortex_m.a(prep_c.c.obj)
                0x000000000000735c                z_prep_c
 .text.arch_new_thread
                0x00000000000073a4       0x38 zephyr/arch/arch/arm/core/cortex_m/libarch__arm__core__cortex_m.a(thread.c.obj)
                0x00000000000073a4                arch_new_thread
 .text.z_check_thread_stack_fail
                0x00000000000073dc       0x30 zephyr/arch/arch/arm/core/cortex_m/libarch__arm__core__cortex_m.a(thread.c.obj)
                0x00000000000073dc                z_check_thread_stack_fail
 .text.arch_switch_to_main_thread
                0x000000000000740c       0x3c zephyr/arch/arch/arm/core/cortex_m/libarch__arm__core__cortex_m.a(thread.c.obj)
                0x000000000000740c                arch_switch_to_main_thread
 .text.z_arm_cpu_idle_init
                0x0000000000007448        0xc zephyr/arch/arch/arm/core/cortex_m/libarch__arm__core__cortex_m.a(cpu_idle.c.obj)
                0x0000000000007448                z_arm_cpu_idle_init
 .text.z_arm_interrupt_init
                0x0000000000007454       0x18 zephyr/arch/arch/arm/core/cortex_m/libarch__arm__core__cortex_m.a(irq_init.c.obj)
                0x0000000000007454                z_arm_interrupt_init
 .text._isr_wrapper
                0x000000000000746c       0x24 zephyr/arch/arch/arm/core/cortex_m/libarch__arm__core__cortex_m.a(isr_wrapper.c.obj)
                0x000000000000746c                _isr_wrapper
 .text.z_arm_configure_static_mpu_regions
                0x0000000000007490       0x18 zephyr/arch/arch/arm/core/mpu/libarch__arm__core__mpu.a(arm_core_mpu.c.obj)
                0x0000000000007490                z_arm_configure_static_mpu_regions
 .text.z_arm_configure_dynamic_mpu_regions
                0x00000000000074a8       0x24 zephyr/arch/arch/arm/core/mpu/libarch__arm__core__mpu.a(arm_core_mpu.c.obj)
                0x00000000000074a8                z_arm_configure_dynamic_mpu_regions
 .text.region_allocate_and_init
                0x00000000000074cc       0x58 zephyr/arch/arch/arm/core/mpu/libarch__arm__core__mpu.a(arm_mpu.c.obj)
 .text.mpu_configure_regions
                0x0000000000007524       0x70 zephyr/arch/arch/arm/core/mpu/libarch__arm__core__mpu.a(arm_mpu.c.obj)
 .text.arm_core_mpu_enable
                0x0000000000007594       0x18 zephyr/arch/arch/arm/core/mpu/libarch__arm__core__mpu.a(arm_mpu.c.obj)
                0x0000000000007594                arm_core_mpu_enable
 .text.arm_core_mpu_disable
                0x00000000000075ac       0x14 zephyr/arch/arch/arm/core/mpu/libarch__arm__core__mpu.a(arm_mpu.c.obj)
                0x00000000000075ac                arm_core_mpu_disable
 .text.arm_core_mpu_configure_static_mpu_regions
                0x00000000000075c0       0x14 zephyr/arch/arch/arm/core/mpu/libarch__arm__core__mpu.a(arm_mpu.c.obj)
                0x00000000000075c0                arm_core_mpu_configure_static_mpu_regions
 .text.arm_core_mpu_configure_dynamic_mpu_regions
                0x00000000000075d4       0x38 zephyr/arch/arch/arm/core/mpu/libarch__arm__core__mpu.a(arm_mpu.c.obj)
                0x00000000000075d4                arm_core_mpu_configure_dynamic_mpu_regions
 .text.z_arm_mpu_init
                0x000000000000760c      0x17c zephyr/arch/arch/arm/core/mpu/libarch__arm__core__mpu.a(arm_mpu.c.obj)
                0x000000000000760c                z_arm_mpu_init
 .text.__stdout_hook_install
                0x0000000000007788        0xc zephyr/lib/libc/newlib/liblib__libc__newlib.a(libc-hooks.c.obj)
                0x0000000000007788                __stdout_hook_install
 .text.z_impl_zephyr_read_stdin
                0x0000000000007794       0x28 zephyr/lib/libc/newlib/liblib__libc__newlib.a(libc-hooks.c.obj)
                0x0000000000007794                z_impl_zephyr_read_stdin
 .text.z_impl_zephyr_write_stdout
                0x00000000000077bc       0x30 zephyr/lib/libc/newlib/liblib__libc__newlib.a(libc-hooks.c.obj)
                0x00000000000077bc                z_impl_zephyr_write_stdout
 .text._sbrk    0x00000000000077ec       0x28 zephyr/lib/libc/newlib/liblib__libc__newlib.a(libc-hooks.c.obj)
                0x00000000000077ec                sbrk
                0x00000000000077ec                _sbrk
 .text.abort    0x0000000000007814       0x1c zephyr/lib/libc/common/liblib__libc__common.a(abort.c.obj)
                0x0000000000007814                abort
 .text.foldcase
                0x0000000000007830       0x18 zephyr/lib/posix/options/liblib__posix__options.a(fnmatch.c.obj)
 .text.getopt_init
                0x0000000000007848       0x48 zephyr/lib/posix/options/liblib__posix__options.a(getopt.c.obj)
                0x0000000000007848                getopt_init
 .text.getopt   0x0000000000007890       0xf8 zephyr/lib/posix/options/liblib__posix__options.a(getopt.c.obj)
                0x0000000000007890                getopt
 .text.z_getopt_global_state_update
                0x0000000000007988       0x34 zephyr/lib/posix/options/liblib__posix__options.a(getopt_common.c.obj)
                0x0000000000007988                z_getopt_global_state_update
 .text.getopt_state_get
                0x00000000000079bc        0x8 zephyr/lib/posix/options/liblib__posix__options.a(getopt_common.c.obj)
                0x00000000000079bc                getopt_state_get
 .text.net_buf_destroy
                0x00000000000079c4       0x38 zephyr/lib/net_buf/liblib__net_buf.a(buf.c.obj)
 .text.net_buf_id
                0x00000000000079fc       0x20 zephyr/lib/net_buf/liblib__net_buf.a(buf.c.obj)
                0x00000000000079fc                net_buf_id
 .text.fixed_data_alloc
                0x0000000000007a1c       0x24 zephyr/lib/net_buf/liblib__net_buf.a(buf.c.obj)
 .text.net_buf_alloc_len
                0x0000000000007a40      0x138 zephyr/lib/net_buf/liblib__net_buf.a(buf.c.obj)
                0x0000000000007a40                net_buf_alloc_len
 .text.net_buf_unref
                0x0000000000007b78       0x38 zephyr/lib/net_buf/liblib__net_buf.a(buf.c.obj)
                0x0000000000007b78                net_buf_unref
 .text.zvfs_eventfd_ioctl_op
                0x0000000000007bb0      0x134 zephyr/lib/os/zvfs/liblib__os__zvfs.a(zvfs_eventfd.c.obj)
 .text.zvfs_eventfd_rw_op
                0x0000000000007ce4       0xfc zephyr/lib/os/zvfs/liblib__os__zvfs.a(zvfs_eventfd.c.obj)
 .text.zvfs_eventfd_write_op
                0x0000000000007de0        0xc zephyr/lib/os/zvfs/liblib__os__zvfs.a(zvfs_eventfd.c.obj)
 .text.zvfs_eventfd_read_op
                0x0000000000007dec        0xc zephyr/lib/os/zvfs/liblib__os__zvfs.a(zvfs_eventfd.c.obj)
 .text.zvfs_eventfd_close_op
                0x0000000000007df8       0xa4 zephyr/lib/os/zvfs/liblib__os__zvfs.a(zvfs_eventfd.c.obj)
 .text.zvfs_eventfd
                0x0000000000007e9c       0xa8 zephyr/lib/os/zvfs/liblib__os__zvfs.a(zvfs_eventfd.c.obj)
                0x0000000000007e9c                zvfs_eventfd
 .text.zvfs_eventfd_read
                0x0000000000007f44       0x2c zephyr/lib/os/zvfs/liblib__os__zvfs.a(zvfs_eventfd.c.obj)
                0x0000000000007f44                zvfs_eventfd_read
 .text.zvfs_eventfd_write
                0x0000000000007f70       0x30 zephyr/lib/os/zvfs/liblib__os__zvfs.a(zvfs_eventfd.c.obj)
                0x0000000000007f70                zvfs_eventfd_write
 .text.zvfs_poll_internal
                0x0000000000007fa0      0x200 zephyr/lib/os/zvfs/liblib__os__zvfs.a(zvfs_poll.c.obj)
                0x0000000000007fa0                zvfs_poll_internal
 .text.nordicsemi_nrf52_init
                0x00000000000081a0       0x18 zephyr/soc/soc/nrf52833/libsoc__nordic.a(soc.c.obj)
 .text.arch_busy_wait
                0x00000000000081b8       0x14 zephyr/soc/soc/nrf52833/libsoc__nordic.a(soc.c.obj)
                0x00000000000081b8                arch_busy_wait
 .text.z_impl_sys_rand_get
                0x00000000000081cc       0x40 zephyr/subsys/random/libsubsys__random.a(random_entropy_device.c.obj)
                0x00000000000081cc                z_impl_sys_rand_get
 .text.z_impl_zsock_socket
                0x000000000000820c       0x5c zephyr/subsys/net/libsubsys__net.a(sockets.c.obj)
                0x000000000000820c                z_impl_zsock_socket
 .text.zsock_socket_internal
                0x0000000000008268       0x84 zephyr/subsys/net/libsubsys__net.a(sockets_inet.c.obj)
 .text.zsock_accepted_cb
                0x00000000000082ec       0x4c zephyr/subsys/net/libsubsys__net.a(sockets_inet.c.obj)
 .text.zsock_bind_ctx
                0x0000000000008338       0x48 zephyr/subsys/net/libsubsys__net.a(sockets_inet.c.obj)
                0x0000000000008338                zsock_bind_ctx
 .text.zsock_connect_ctx
                0x0000000000008380       0xd0 zephyr/subsys/net/libsubsys__net.a(sockets_inet.c.obj)
                0x0000000000008380                zsock_connect_ctx
 .text.zsock_listen_ctx
                0x0000000000008450       0x38 zephyr/subsys/net/libsubsys__net.a(sockets_inet.c.obj)
                0x0000000000008450                zsock_listen_ctx
 .text.zsock_sendto_ctx
                0x0000000000008488      0x100 zephyr/subsys/net/libsubsys__net.a(sockets_inet.c.obj)
                0x0000000000008488                zsock_sendto_ctx
 .text.zsock_wait_data
                0x0000000000008588       0x6c zephyr/subsys/net/libsubsys__net.a(sockets_inet.c.obj)
                0x0000000000008588                zsock_wait_data
 .text.zsock_accept_ctx
                0x00000000000085f4      0x108 zephyr/subsys/net/libsubsys__net.a(sockets_inet.c.obj)
                0x00000000000085f4                zsock_accept_ctx
 .text.zsock_recv_dgram
                0x00000000000086fc      0x2b4 zephyr/subsys/net/libsubsys__net.a(sockets_inet.c.obj)
 .text.zsock_setsockopt_ctx
                0x00000000000089b0      0x20c zephyr/subsys/net/libsubsys__net.a(sockets_inet.c.obj)
                0x00000000000089b0                zsock_setsockopt_ctx
 .text.net_socket_service_foreach
                0x0000000000008bbc       0x24 zephyr/subsys/net/libsubsys__net.a(sockets_service.c.obj)
                0x0000000000008bbc                net_socket_service_foreach
 .text.z_impl_net_socket_service_register
                0x0000000000008be0      0x110 zephyr/subsys/net/libsubsys__net.a(sockets_service.c.obj)
                0x0000000000008be0                z_impl_net_socket_service_register
 .text.net_socket_service_callback
                0x0000000000008cf0       0x48 zephyr/subsys/net/libsubsys__net.a(sockets_service.c.obj)
                0x0000000000008cf0                net_socket_service_callback
 .text.socket_service_thread
                0x0000000000008d38      0x1fc zephyr/subsys/net/libsubsys__net.a(sockets_service.c.obj)
 .text.socket_service_init
                0x0000000000008f34       0x44 zephyr/subsys/net/libsubsys__net.a(sockets_service.c.obj)
                0x0000000000008f34                socket_service_init
 .text.get_iface_idx
                0x0000000000008f78       0x78 zephyr/subsys/net/libsubsys__net.a(net_shell.c.obj)
                0x0000000000008f78                get_iface_idx
 .text.addrtype2str
                0x0000000000008ff0       0x18 zephyr/subsys/net/libsubsys__net.a(net_shell.c.obj)
                0x0000000000008ff0                addrtype2str
 .text.addrstate2str
                0x0000000000009008       0x1c zephyr/subsys/net/libsubsys__net.a(net_shell.c.obj)
                0x0000000000009008                addrstate2str
 .text.get_addresses
                0x0000000000009024       0xa0 zephyr/subsys/net/libsubsys__net.a(net_shell.c.obj)
                0x0000000000009024                get_addresses
 .text.iface2str
                0x00000000000090c4       0x54 zephyr/subsys/net/libsubsys__net.a(net_shell.c.obj)
                0x00000000000090c4                iface2str
 .text.cmd_net_allocs
                0x0000000000009118       0x2c zephyr/subsys/net/libsubsys__net.a(allocs.c.obj)
 .text.cmd_net_arp_flush
                0x0000000000009144       0x20 zephyr/subsys/net/libsubsys__net.a(arp.c.obj)
 .text.cmd_net_arp
                0x0000000000009164       0x3c zephyr/subsys/net/libsubsys__net.a(arp.c.obj)
 .text.arp_cb   0x00000000000091a0       0xac zephyr/subsys/net/libsubsys__net.a(arp.c.obj)
 .text.cmd_net_capture
                0x000000000000924c       0x2c zephyr/subsys/net/libsubsys__net.a(capture.c.obj)
 .text.cmd_net_conn
                0x0000000000009278       0xc4 zephyr/subsys/net/libsubsys__net.a(conn.c.obj)
 .text.tcp_cb   0x000000000000933c       0x80 zephyr/subsys/net/libsubsys__net.a(conn.c.obj)
 .text.context_cb
                0x00000000000093bc      0x120 zephyr/subsys/net/libsubsys__net.a(conn.c.obj)
 .text.cmd_net_dhcpv4_client_start
                0x00000000000094dc       0x2c zephyr/subsys/net/libsubsys__net.a(dhcpv4.c.obj)
 .text.cmd_net_dhcpv4_server_start
                0x0000000000009508       0x2c zephyr/subsys/net/libsubsys__net.a(dhcpv4.c.obj)
 .text.cmd_net_dhcpv6_client_start
                0x0000000000009534       0x2c zephyr/subsys/net/libsubsys__net.a(dhcpv6.c.obj)
 .text.cmd_net_dns_cancel
                0x0000000000009560       0x74 zephyr/subsys/net/libsubsys__net.a(dns.c.obj)
 .text.cmd_net_dns_query
                0x00000000000095d4       0xe4 zephyr/subsys/net/libsubsys__net.a(dns.c.obj)
 .text.cmd_net_dns
                0x00000000000096b8      0x1d8 zephyr/subsys/net/libsubsys__net.a(dns.c.obj)
 .text.dns_result_cb
                0x0000000000009890       0xd8 zephyr/subsys/net/libsubsys__net.a(dns.c.obj)
 .text.cmd_net_events_on
                0x0000000000009968       0x1c zephyr/subsys/net/libsubsys__net.a(events.c.obj)
 .text.cmd_net_gptp_port
                0x0000000000009984       0x2c zephyr/subsys/net/libsubsys__net.a(gptp.c.obj)
 .text.cmd_net_http
                0x00000000000099b0       0x2c zephyr/subsys/net/libsubsys__net.a(http.c.obj)
 .text.cmd_net_set_mac
                0x00000000000099dc       0x1c zephyr/subsys/net/libsubsys__net.a(iface.c.obj)
 .text.iface_flags2str
                0x00000000000099f8      0x100 zephyr/subsys/net/libsubsys__net.a(iface.c.obj)
 .text.iface_cb
                0x0000000000009af8      0x560 zephyr/subsys/net/libsubsys__net.a(iface.c.obj)
 .text.cmd_net_iface_up
                0x000000000000a058       0x98 zephyr/subsys/net/libsubsys__net.a(iface.c.obj)
 .text.cmd_net_iface_down
                0x000000000000a0f0       0x7c zephyr/subsys/net/libsubsys__net.a(iface.c.obj)
 .text.cmd_net_iface
                0x000000000000a16c       0x50 zephyr/subsys/net/libsubsys__net.a(iface.c.obj)
 .text.iface_index_get
                0x000000000000a1bc       0xa8 zephyr/subsys/net/libsubsys__net.a(iface.c.obj)
 .text.cmd_net_cm_status
                0x000000000000a264       0x1c zephyr/subsys/net/libsubsys__net.a(cm.c.obj)
 .text.not_available
                0x000000000000a280       0x14 zephyr/subsys/net/libsubsys__net.a(cm.c.obj)
 .text.cmd_net_ipv4
                0x000000000000a294       0xc0 zephyr/subsys/net/libsubsys__net.a(ipv4.c.obj)
 .text.ip_address_lifetime_cb
                0x000000000000a354      0x138 zephyr/subsys/net/libsubsys__net.a(ipv4.c.obj)
 .text.cmd_net_ip_gateway
                0x000000000000a48c       0x90 zephyr/subsys/net/libsubsys__net.a(ipv4.c.obj)
 .text.cmd_net_ip_add
                0x000000000000a51c      0x15c zephyr/subsys/net/libsubsys__net.a(ipv4.c.obj)
 .text.cmd_net_ip_del
                0x000000000000a678       0xf8 zephyr/subsys/net/libsubsys__net.a(ipv4.c.obj)
 .text.cmd_net_ipv6
                0x000000000000a770       0x24 zephyr/subsys/net/libsubsys__net.a(ipv6.c.obj)
 .text.cmd_net_ip6_pe
                0x000000000000a794       0x38 zephyr/subsys/net/libsubsys__net.a(ipv6.c.obj)
 .text.cmd_net_ip6_add
                0x000000000000a7cc       0x2c zephyr/subsys/net/libsubsys__net.a(ipv6.c.obj)
 .text.cmd_net_mem
                0x000000000000a7f8       0xe0 zephyr/subsys/net/libsubsys__net.a(mem.c.obj)
 .text.cmd_net_nbr_rm
                0x000000000000a8d8       0x1c zephyr/subsys/net/libsubsys__net.a(nbr.c.obj)
 .text.parse_arg
                0x000000000000a8f4       0x50 zephyr/subsys/net/libsubsys__net.a(ping.c.obj)
 .text.ping_bypass
                0x000000000000a944       0x34 zephyr/subsys/net/libsubsys__net.a(ping.c.obj)
 .text.cmd_net_ping
                0x000000000000a978      0x21c zephyr/subsys/net/libsubsys__net.a(ping.c.obj)
 .text.ping_done
                0x000000000000ab94       0x2c zephyr/subsys/net/libsubsys__net.a(ping.c.obj)
 .text.handle_ipv4_echo_reply
                0x000000000000abc0      0x124 zephyr/subsys/net/libsubsys__net.a(ping.c.obj)
 .text.ping_work
                0x000000000000ace4       0xb8 zephyr/subsys/net/libsubsys__net.a(ping.c.obj)
 .text.cmd_net_pkt
                0x000000000000ad9c      0x218 zephyr/subsys/net/libsubsys__net.a(pkt.c.obj)
 .text.print_pmtu_error
                0x000000000000afb4       0x24 zephyr/subsys/net/libsubsys__net.a(pmtu.c.obj)
 .text.cmd_net_ppp_status
                0x000000000000afd8       0x2c zephyr/subsys/net/libsubsys__net.a(ppp.c.obj)
 .text.cmd_net_ppp_ping
                0x000000000000b004       0x2c zephyr/subsys/net/libsubsys__net.a(ppp.c.obj)
 .text.cmd_net_resume
                0x000000000000b030       0x1c zephyr/subsys/net/libsubsys__net.a(resume.c.obj)
 .text.cmd_net_route
                0x000000000000b04c       0x2c zephyr/subsys/net/libsubsys__net.a(route.c.obj)
 .text.cmd_net_ip6_route_del
                0x000000000000b078       0x38 zephyr/subsys/net/libsubsys__net.a(route.c.obj)
 .text.cmd_net_ip6_route_add
                0x000000000000b0b0       0x38 zephyr/subsys/net/libsubsys__net.a(route.c.obj)
 .text.cmd_net_sockets
                0x000000000000b0e8       0xf8 zephyr/subsys/net/libsubsys__net.a(sockets.c.obj)
 .text.walk_socket_services
                0x000000000000b1e0       0x98 zephyr/subsys/net/libsubsys__net.a(sockets.c.obj)
 .text.net_shell_print_statistics
                0x000000000000b278      0x4bc zephyr/subsys/net/libsubsys__net.a(stats.c.obj)
 .text.cmd_net_stats_iface
                0x000000000000b734       0x7c zephyr/subsys/net/libsubsys__net.a(stats.c.obj)
                0x000000000000b734                cmd_net_stats_iface
 .text.cmd_net_stats
                0x000000000000b7b0       0x40 zephyr/subsys/net/libsubsys__net.a(stats.c.obj)
 .text.cmd_net_stats_all
                0x000000000000b7f0       0x18 zephyr/subsys/net/libsubsys__net.a(stats.c.obj)
                0x000000000000b7f0                cmd_net_stats_all
 .text.iface_index_get
                0x000000000000b808       0xa8 zephyr/subsys/net/libsubsys__net.a(stats.c.obj)
 .text.cmd_net_suspend
                0x000000000000b8b0       0x1c zephyr/subsys/net/libsubsys__net.a(suspend.c.obj)
 .text.cmd_net_tcp_close
                0x000000000000b8cc       0x70 zephyr/subsys/net/libsubsys__net.a(tcp.c.obj)
 .text.cmd_net_tcp_recv
                0x000000000000b93c       0x6c zephyr/subsys/net/libsubsys__net.a(tcp.c.obj)
 .text.cmd_net_tcp_send
                0x000000000000b9a8       0x90 zephyr/subsys/net/libsubsys__net.a(tcp.c.obj)
 .text.tcp_sent_cb
                0x000000000000ba38       0x1c zephyr/subsys/net/libsubsys__net.a(tcp.c.obj)
 .text.tcp_connected
                0x000000000000ba54       0x30 zephyr/subsys/net/libsubsys__net.a(tcp.c.obj)
 .text.cmd_net_tcp_connect
                0x000000000000ba84      0x1e0 zephyr/subsys/net/libsubsys__net.a(tcp.c.obj)
 .text.tcp_recv_cb
                0x000000000000bc64       0xac zephyr/subsys/net/libsubsys__net.a(tcp.c.obj)
 .text.cmd_net_udp_close
                0x000000000000bd10       0x58 zephyr/subsys/net/libsubsys__net.a(udp.c.obj)
 .text.udp_rcvd
                0x000000000000bd68       0x88 zephyr/subsys/net/libsubsys__net.a(udp.c.obj)
 .text.udp_sent
                0x000000000000bdf0       0x2c zephyr/subsys/net/libsubsys__net.a(udp.c.obj)
 .text.cmd_net_udp_send
                0x000000000000be1c      0x1f8 zephyr/subsys/net/libsubsys__net.a(udp.c.obj)
 .text.cmd_net_udp_bind
                0x000000000000c014      0x19c zephyr/subsys/net/libsubsys__net.a(udp.c.obj)
 .text.cmd_virtual_show
                0x000000000000c1b0       0x2c zephyr/subsys/net/libsubsys__net.a(virtual.c.obj)
 .text.cmd_net_vlan
                0x000000000000c1dc       0x2c zephyr/subsys/net/libsubsys__net.a(vlan.c.obj)
 .text.cmd_net_websocket
                0x000000000000c208       0x2c zephyr/subsys/net/libsubsys__net.a(websocket.c.obj)
 .text.net_eth_broadcast_addr
                0x000000000000c234        0x8 zephyr/subsys/net/l2/ethernet/libsubsys__net__l2__ethernet.a(ethernet.c.obj)
                0x000000000000c234                net_eth_broadcast_addr
 .text.ethernet_send
                0x000000000000c23c      0x228 zephyr/subsys/net/l2/ethernet/libsubsys__net__l2__ethernet.a(ethernet.c.obj)
 .text.ethernet_mcast_monitor_cb
                0x000000000000c464       0x5c zephyr/subsys/net/l2/ethernet/libsubsys__net__l2__ethernet.a(ethernet.c.obj)
 .text.net_eth_get_phy
                0x000000000000c4c0       0x20 zephyr/subsys/net/l2/ethernet/libsubsys__net__l2__ethernet.a(ethernet.c.obj)
                0x000000000000c4c0                net_eth_get_phy
 .text.ethernet_init
                0x000000000000c4e0       0x58 zephyr/subsys/net/l2/ethernet/libsubsys__net__l2__ethernet.a(ethernet.c.obj)
                0x000000000000c4e0                ethernet_init
 .text.arp_entry_get_last_from_table
                0x000000000000c538       0x28 zephyr/subsys/net/l2/ethernet/libsubsys__net__l2__ethernet.a(arp.c.obj)
 .text.arp_request_timeout
                0x000000000000c560       0xbc zephyr/subsys/net/l2/ethernet/libsubsys__net__l2__ethernet.a(arp.c.obj)
 .text.net_arp_prepare
                0x000000000000c61c      0x274 zephyr/subsys/net/l2/ethernet/libsubsys__net__l2__ethernet.a(arp.c.obj)
                0x000000000000c61c                net_arp_prepare
 .text.net_arp_update
                0x000000000000c890      0x17c zephyr/subsys/net/l2/ethernet/libsubsys__net__l2__ethernet.a(arp.c.obj)
                0x000000000000c890                net_arp_update
 .text.net_arp_clear_cache
                0x000000000000ca0c       0xd0 zephyr/subsys/net/l2/ethernet/libsubsys__net__l2__ethernet.a(arp.c.obj)
                0x000000000000ca0c                net_arp_clear_cache
 .text.net_arp_clear_pending
                0x000000000000cadc       0x28 zephyr/subsys/net/l2/ethernet/libsubsys__net__l2__ethernet.a(arp.c.obj)
                0x000000000000cadc                net_arp_clear_pending
 .text.net_arp_foreach
                0x000000000000cb04       0x3c zephyr/subsys/net/l2/ethernet/libsubsys__net__l2__ethernet.a(arp.c.obj)
                0x000000000000cb04                net_arp_foreach
 .text.net_arp_init
                0x000000000000cb40       0x74 zephyr/subsys/net/l2/ethernet/libsubsys__net__l2__ethernet.a(arp.c.obj)
                0x000000000000cb40                net_arp_init
 .text.processing_data
                0x000000000000cbb4       0xa4 zephyr/subsys/net/ip/libsubsys__net__ip.a(net_core.c.obj)
 .text.net_send_data
                0x000000000000cc58      0x144 zephyr/subsys/net/ip/libsubsys__net__ip.a(net_core.c.obj)
                0x000000000000cc58                net_send_data
 .text.net_process_rx_packet
                0x000000000000cd9c       0x2c zephyr/subsys/net/ip/libsubsys__net__ip.a(net_core.c.obj)
                0x000000000000cd9c                net_process_rx_packet
 .text.net_ipv4_is_ll_addr
                0x000000000000cdc8       0x18 zephyr/subsys/net/ip/libsubsys__net__ip.a(net_if.c.obj)
 .text.need_calc_checksum
                0x000000000000cde0       0x60 zephyr/subsys/net/ip/libsubsys__net__ip.a(net_if.c.obj)
 .text.iface_router_update_timer
                0x000000000000ce40       0x90 zephyr/subsys/net/ip/libsubsys__net__ip.a(net_if.c.obj)
 .text.net_if_ipv4_get_best_match
                0x000000000000ced0       0x98 zephyr/subsys/net/ip/libsubsys__net__ip.a(net_if.c.obj)
 .text.iface_router_expired
                0x000000000000cf68       0xa8 zephyr/subsys/net/ip/libsubsys__net__ip.a(net_if.c.obj)
 .text.update_operational_state
                0x000000000000d010       0xcc zephyr/subsys/net/ip/libsubsys__net__ip.a(net_if.c.obj)
 .text.net_if_get_default.part.0
                0x000000000000d0dc       0x20 zephyr/subsys/net/ip/libsubsys__net__ip.a(net_if.c.obj)
 .text.z_impl_net_if_get_by_index
                0x000000000000d0fc       0x24 zephyr/subsys/net/ip/libsubsys__net__ip.a(net_if.c.obj)
                0x000000000000d0fc                z_impl_net_if_get_by_index
 .text.net_context_send_cb
                0x000000000000d120       0x58 zephyr/subsys/net/ip/libsubsys__net__ip.a(net_if.c.obj)
 .text.net_if_stats_reset
                0x000000000000d178       0x38 zephyr/subsys/net/ip/libsubsys__net__ip.a(net_if.c.obj)
                0x000000000000d178                net_if_stats_reset
 .text.net_if_stats_reset_all
                0x000000000000d1b0       0x30 zephyr/subsys/net/ip/libsubsys__net__ip.a(net_if.c.obj)
                0x000000000000d1b0                net_if_stats_reset_all
 .text.net_if_lookup_by_dev
                0x000000000000d1e0       0x24 zephyr/subsys/net/ip/libsubsys__net__ip.a(net_if.c.obj)
                0x000000000000d1e0                net_if_lookup_by_dev
 .text.net_if_get_default
                0x000000000000d204       0x24 zephyr/subsys/net/ip/libsubsys__net__ip.a(net_if.c.obj)
                0x000000000000d204                net_if_get_default
 .text.net_if_mcast_mon_register
                0x000000000000d228       0x44 zephyr/subsys/net/ip/libsubsys__net__ip.a(net_if.c.obj)
                0x000000000000d228                net_if_mcast_mon_register
 .text.net_if_mcast_monitor
                0x000000000000d26c       0x54 zephyr/subsys/net/ip/libsubsys__net__ip.a(net_if.c.obj)
                0x000000000000d26c                net_if_mcast_monitor
 .text.net_if_config_ipv4_get
                0x000000000000d2c0       0x6c zephyr/subsys/net/ip/libsubsys__net__ip.a(net_if.c.obj)
                0x000000000000d2c0                net_if_config_ipv4_get
 .text.net_if_ipv4_is_addr_bcast
                0x000000000000d32c       0x30 zephyr/subsys/net/ip/libsubsys__net__ip.a(net_if.c.obj)
                0x000000000000d32c                net_if_ipv4_is_addr_bcast
 .text.net_if_ipv4_select_src_addr
                0x000000000000d35c       0xbc zephyr/subsys/net/ip/libsubsys__net__ip.a(net_if.c.obj)
                0x000000000000d35c                net_if_ipv4_select_src_addr
 .text.net_if_ipv4_addr_lookup
                0x000000000000d418       0x54 zephyr/subsys/net/ip/libsubsys__net__ip.a(net_if.c.obj)
                0x000000000000d418                net_if_ipv4_addr_lookup
 .text.net_if_ipv4_addr_add
                0x000000000000d46c       0xa4 zephyr/subsys/net/ip/libsubsys__net__ip.a(net_if.c.obj)
                0x000000000000d46c                net_if_ipv4_addr_add
 .text.net_if_ipv4_maddr_add
                0x000000000000d510       0x80 zephyr/subsys/net/ip/libsubsys__net__ip.a(net_if.c.obj)
                0x000000000000d510                net_if_ipv4_maddr_add
 .text.net_if_ipv4_maddr_rm
                0x000000000000d590       0x80 zephyr/subsys/net/ip/libsubsys__net__ip.a(net_if.c.obj)
                0x000000000000d590                net_if_ipv4_maddr_rm
 .text.net_if_ipv4_maddr_lookup
                0x000000000000d610       0x8c zephyr/subsys/net/ip/libsubsys__net__ip.a(net_if.c.obj)
                0x000000000000d610                net_if_ipv4_maddr_lookup
 .text.net_if_addr_unref
                0x000000000000d69c       0x80 zephyr/subsys/net/ip/libsubsys__net__ip.a(net_if.c.obj)
                0x000000000000d69c                net_if_addr_unref
 .text.net_if_call_link_cb
                0x000000000000d71c       0x4c zephyr/subsys/net/ip/libsubsys__net__ip.a(net_if.c.obj)
                0x000000000000d71c                net_if_call_link_cb
 .text.net_if_tx.isra.0
                0x000000000000d768      0x104 zephyr/subsys/net/ip/libsubsys__net__ip.a(net_if.c.obj)
 .text.net_if_send_data
                0x000000000000d86c       0xc4 zephyr/subsys/net/ip/libsubsys__net__ip.a(net_if.c.obj)
                0x000000000000d86c                net_if_send_data
 .text.net_if_get_by_iface
                0x000000000000d930       0x2c zephyr/subsys/net/ip/libsubsys__net__ip.a(net_if.c.obj)
                0x000000000000d930                net_if_get_by_iface
 .text.net_if_foreach
                0x000000000000d95c       0x24 zephyr/subsys/net/ip/libsubsys__net__ip.a(net_if.c.obj)
                0x000000000000d95c                net_if_foreach
 .text.net_if_up
                0x000000000000d980       0x84 zephyr/subsys/net/ip/libsubsys__net__ip.a(net_if.c.obj)
                0x000000000000d980                net_if_up
 .text.net_if_down
                0x000000000000da04       0x90 zephyr/subsys/net/ip/libsubsys__net__ip.a(net_if.c.obj)
                0x000000000000da04                net_if_down
 .text.net_if_is_wifi
                0x000000000000da94       0x24 zephyr/subsys/net/ip/libsubsys__net__ip.a(net_if.c.obj)
                0x000000000000da94                net_if_is_wifi
 .text.net_if_set_name
                0x000000000000dab8       0x64 zephyr/subsys/net/ip/libsubsys__net__ip.a(net_if.c.obj)
                0x000000000000dab8                net_if_set_name
 .text.net_if_get_by_name
                0x000000000000db1c       0x44 zephyr/subsys/net/ip/libsubsys__net__ip.a(net_if.c.obj)
                0x000000000000db1c                net_if_get_by_name
 .text.net_if_init
                0x000000000000db60      0x1e4 zephyr/subsys/net/ip/libsubsys__net__ip.a(net_if.c.obj)
                0x000000000000db60                net_if_init
 .text.net_if_post_init
                0x000000000000dd44       0x28 zephyr/subsys/net/ip/libsubsys__net__ip.a(net_if.c.obj)
                0x000000000000dd44                net_if_post_init
 .text.net_sprint_ll_addr_buf
                0x000000000000dd6c       0x58 zephyr/subsys/net/ip/libsubsys__net__ip.a(utils.c.obj)
                0x000000000000dd6c                net_sprint_ll_addr_buf
 .text.z_impl_net_addr_ntop
                0x000000000000ddc4      0x1d4 zephyr/subsys/net/ip/libsubsys__net__ip.a(utils.c.obj)
                0x000000000000ddc4                z_impl_net_addr_ntop
 .text.net_sprint_addr
                0x000000000000df98       0x2c zephyr/subsys/net/ip/libsubsys__net__ip.a(utils.c.obj)
                0x000000000000df98                net_sprint_addr
 .text.z_impl_net_addr_pton
                0x000000000000dfc4      0x190 zephyr/subsys/net/ip/libsubsys__net__ip.a(utils.c.obj)
                0x000000000000dfc4                z_impl_net_addr_pton
 .text.net_ipv4_unspecified_address
                0x000000000000e154        0x8 zephyr/subsys/net/ip/libsubsys__net__ip.a(utils.c.obj)
                0x000000000000e154                net_ipv4_unspecified_address
 .text.net_ipv4_broadcast_address
                0x000000000000e15c        0x8 zephyr/subsys/net/ip/libsubsys__net__ip.a(utils.c.obj)
                0x000000000000e15c                net_ipv4_broadcast_address
 .text.mgmt_event_work_handler
                0x000000000000e164      0x11c zephyr/subsys/net/ip/libsubsys__net__ip.a(net_mgmt.c.obj)
 .text.sys_slist_find_and_remove.constprop.0.isra.0
                0x000000000000e280       0x38 zephyr/subsys/net/ip/libsubsys__net__ip.a(net_mgmt.c.obj)
 .text.mgmt_rebuild_global_event_mask
                0x000000000000e2b8       0x5c zephyr/subsys/net/ip/libsubsys__net__ip.a(net_mgmt.c.obj)
 .text.net_mgmt_add_event_callback
                0x000000000000e314       0x48 zephyr/subsys/net/ip/libsubsys__net__ip.a(net_mgmt.c.obj)
                0x000000000000e314                net_mgmt_add_event_callback
 .text.net_mgmt_del_event_callback
                0x000000000000e35c       0x2c zephyr/subsys/net/ip/libsubsys__net__ip.a(net_mgmt.c.obj)
                0x000000000000e35c                net_mgmt_del_event_callback
 .text.net_mgmt_event_notify_with_info
                0x000000000000e388       0x94 zephyr/subsys/net/ip/libsubsys__net__ip.a(net_mgmt.c.obj)
                0x000000000000e388                net_mgmt_event_notify_with_info
 .text.net_mgmt_event_init
                0x000000000000e41c       0x3c zephyr/subsys/net/ip/libsubsys__net__ip.a(net_mgmt.c.obj)
                0x000000000000e41c                net_mgmt_event_init
 .text.net_context_packet_received
                0x000000000000e458       0xe0 zephyr/subsys/net/ip/libsubsys__net__ip.a(net_context.c.obj)
                0x000000000000e458                net_context_packet_received
 .text.check_used_port.constprop.0
                0x000000000000e538       0xe4 zephyr/subsys/net/ip/libsubsys__net__ip.a(net_context.c.obj)
 .text.net_context_get
                0x000000000000e61c      0x184 zephyr/subsys/net/ip/libsubsys__net__ip.a(net_context.c.obj)
                0x000000000000e61c                net_context_get
 .text.net_context_put
                0x000000000000e7a0       0x50 zephyr/subsys/net/ip/libsubsys__net__ip.a(net_context.c.obj)
                0x000000000000e7a0                net_context_put
 .text.net_context_bind
                0x000000000000e7f0      0x178 zephyr/subsys/net/ip/libsubsys__net__ip.a(net_context.c.obj)
                0x000000000000e7f0                net_context_bind
 .text.context_sendto.constprop.0
                0x000000000000e968      0x2a0 zephyr/subsys/net/ip/libsubsys__net__ip.a(net_context.c.obj)
 .text.net_context_recv
                0x000000000000ec08      0x140 zephyr/subsys/net/ip/libsubsys__net__ip.a(net_context.c.obj)
                0x000000000000ec08                net_context_recv
 .text.net_context_set_option
                0x000000000000ed48      0x120 zephyr/subsys/net/ip/libsubsys__net__ip.a(net_context.c.obj)
                0x000000000000ed48                net_context_set_option
 .text.net_context_get_option
                0x000000000000ee68      0x14c zephyr/subsys/net/ip/libsubsys__net__ip.a(net_context.c.obj)
                0x000000000000ee68                net_context_get_option
 .text.net_context_foreach
                0x000000000000efb4       0x5c zephyr/subsys/net/ip/libsubsys__net__ip.a(net_context.c.obj)
                0x000000000000efb4                net_context_foreach
 .text.net_context_init
                0x000000000000f010       0x10 zephyr/subsys/net/ip/libsubsys__net__ip.a(net_context.c.obj)
                0x000000000000f010                net_context_init
 .text.net_pkt_get_reserve_data
                0x000000000000f020       0x48 zephyr/subsys/net/ip/libsubsys__net__ip.a(net_pkt.c.obj)
                0x000000000000f020                net_pkt_get_reserve_data
 .text.net_pkt_get_reserve_rx_data
                0x000000000000f068        0xc zephyr/subsys/net/ip/libsubsys__net__ip.a(net_pkt.c.obj)
                0x000000000000f068                net_pkt_get_reserve_rx_data
 .text.net_pkt_get_reserve_tx_data
                0x000000000000f074        0xc zephyr/subsys/net/ip/libsubsys__net__ip.a(net_pkt.c.obj)
                0x000000000000f074                net_pkt_get_reserve_tx_data
 .text.net_pkt_get_frag
                0x000000000000f080       0x20 zephyr/subsys/net/ip/libsubsys__net__ip.a(net_pkt.c.obj)
                0x000000000000f080                net_pkt_get_frag
 .text.net_pkt_get_info
                0x000000000000f0a0       0x2c zephyr/subsys/net/ip/libsubsys__net__ip.a(net_pkt.c.obj)
                0x000000000000f0a0                net_pkt_get_info
 .text.pkt_alloc
                0x000000000000f0cc       0x50 zephyr/subsys/net/ip/libsubsys__net__ip.a(net_pkt.c.obj)
 .text.net_pkt_alloc
                0x000000000000f11c       0x10 zephyr/subsys/net/ip/libsubsys__net__ip.a(net_pkt.c.obj)
                0x000000000000f11c                net_pkt_alloc
 .text.net_pkt_rx_alloc
                0x000000000000f12c       0x10 zephyr/subsys/net/ip/libsubsys__net__ip.a(net_pkt.c.obj)
                0x000000000000f12c                net_pkt_rx_alloc
 .text.net_pkt_alloc_buffer
                0x000000000000f13c       0xe0 zephyr/subsys/net/ip/libsubsys__net__ip.a(net_pkt.c.obj)
                0x000000000000f13c                net_pkt_alloc_buffer
 .text.net_pkt_alloc_with_buffer
                0x000000000000f21c       0x24 zephyr/subsys/net/ip/libsubsys__net__ip.a(net_pkt.c.obj)
                0x000000000000f21c                net_pkt_alloc_with_buffer
 .text.net_pkt_rx_alloc_with_buffer
                0x000000000000f240       0x24 zephyr/subsys/net/ip/libsubsys__net__ip.a(net_pkt.c.obj)
                0x000000000000f240                net_pkt_rx_alloc_with_buffer
 .text.net_pkt_alloc_buffer_raw
                0x000000000000f264       0x78 zephyr/subsys/net/ip/libsubsys__net__ip.a(net_pkt.c.obj)
                0x000000000000f264                net_pkt_alloc_buffer_raw
 .text.net_pkt_get_data
                0x000000000000f2dc       0x58 zephyr/subsys/net/ip/libsubsys__net__ip.a(net_pkt.c.obj)
                0x000000000000f2dc                net_pkt_get_data
 .text.net_tc_submit_to_rx_queue
                0x000000000000f334       0x10 zephyr/subsys/net/ip/libsubsys__net__ip.a(net_tc.c.obj)
                0x000000000000f334                net_tc_submit_to_rx_queue
 .text.net_rx_priority2tc
                0x000000000000f344       0x10 zephyr/subsys/net/ip/libsubsys__net__ip.a(net_tc.c.obj)
                0x000000000000f344                net_rx_priority2tc
 .text.net_tc_rx_init
                0x000000000000f354       0x9c zephyr/subsys/net/ip/libsubsys__net__ip.a(net_tc.c.obj)
                0x000000000000f354                net_tc_rx_init
 .text.icmp_call_handlers
                0x000000000000f3f0       0x6c zephyr/subsys/net/ip/libsubsys__net__ip.a(icmp.c.obj)
 .text.net_icmp_init_ctx
                0x000000000000f45c       0x50 zephyr/subsys/net/ip/libsubsys__net__ip.a(icmp.c.obj)
                0x000000000000f45c                net_icmp_init_ctx
 .text.net_icmp_cleanup_ctx
                0x000000000000f4ac       0x68 zephyr/subsys/net/ip/libsubsys__net__ip.a(icmp.c.obj)
                0x000000000000f4ac                net_icmp_cleanup_ctx
 .text.net_icmp_send_echo_request
                0x000000000000f514      0x1f8 zephyr/subsys/net/ip/libsubsys__net__ip.a(icmp.c.obj)
                0x000000000000f514                net_icmp_send_echo_request
 .text.net_stats_update_per_proto_recv
                0x000000000000f70c       0x34 zephyr/subsys/net/ip/libsubsys__net__ip.a(connection.c.obj)
 .text.net_stats_update_per_proto_drop
                0x000000000000f740       0x34 zephyr/subsys/net/ip/libsubsys__net__ip.a(connection.c.obj)
 .text.k_mutex_lock.constprop.0.isra.0
                0x000000000000f774       0x10 zephyr/subsys/net/ip/libsubsys__net__ip.a(connection.c.obj)
 .text.k_mutex_unlock.constprop.0.isra.0
                0x000000000000f784        0xc zephyr/subsys/net/ip/libsubsys__net__ip.a(connection.c.obj)
 .text.net_conn_change_remote
                0x000000000000f790       0x70 zephyr/subsys/net/ip/libsubsys__net__ip.a(connection.c.obj)
 .text.conn_set_unused
                0x000000000000f800       0x34 zephyr/subsys/net/ip/libsubsys__net__ip.a(connection.c.obj)
 .text.net_conn_register
                0x000000000000f834      0x2bc zephyr/subsys/net/ip/libsubsys__net__ip.a(connection.c.obj)
                0x000000000000f834                net_conn_register
 .text.net_conn_unregister
                0x000000000000faf0       0x78 zephyr/subsys/net/ip/libsubsys__net__ip.a(connection.c.obj)
                0x000000000000faf0                net_conn_unregister
 .text.net_conn_update
                0x000000000000fb68       0x3c zephyr/subsys/net/ip/libsubsys__net__ip.a(connection.c.obj)
                0x000000000000fb68                net_conn_update
 .text.net_conn_input
                0x000000000000fba4      0x280 zephyr/subsys/net/ip/libsubsys__net__ip.a(connection.c.obj)
                0x000000000000fba4                net_conn_input
 .text.net_conn_init
                0x000000000000fe24       0x40 zephyr/subsys/net/ip/libsubsys__net__ip.a(connection.c.obj)
                0x000000000000fe24                net_conn_init
 .text.icmpv4_handle_echo_request
                0x000000000000fe64      0x15c zephyr/subsys/net/ip/libsubsys__net__ip.a(icmpv4.c.obj)
 .text.net_icmpv4_send_error
                0x000000000000ffc0      0x120 zephyr/subsys/net/ip/libsubsys__net__ip.a(icmpv4.c.obj)
                0x000000000000ffc0                net_icmpv4_send_error
 .text.net_icmpv4_input
                0x00000000000100e0       0xa0 zephyr/subsys/net/ip/libsubsys__net__ip.a(icmpv4.c.obj)
                0x00000000000100e0                net_icmpv4_input
 .text.net_icmpv4_init
                0x0000000000010180       0x60 zephyr/subsys/net/ip/libsubsys__net__ip.a(icmpv4.c.obj)
                0x0000000000010180                net_icmpv4_init
 .text.net_ipv4_input
                0x00000000000101e0      0x1d8 zephyr/subsys/net/ip/libsubsys__net__ip.a(ipv4.c.obj)
                0x00000000000101e0                net_ipv4_input
 .text.igmp_send
                0x00000000000103b8       0x50 zephyr/subsys/net/ip/libsubsys__net__ip.a(igmp.c.obj)
 .text.igmp_send_generic
                0x0000000000010408       0x5c zephyr/subsys/net/ip/libsubsys__net__ip.a(igmp.c.obj)
 .text.net_ipv4_igmp_input
                0x0000000000010464      0x140 zephyr/subsys/net/ip/libsubsys__net__ip.a(igmp.c.obj)
                0x0000000000010464                net_ipv4_igmp_input
 .text.net_ipv4_igmp_join
                0x00000000000105a4       0x70 zephyr/subsys/net/ip/libsubsys__net__ip.a(igmp.c.obj)
                0x00000000000105a4                net_ipv4_igmp_join
 .text.net_ipv4_igmp_leave
                0x0000000000010614       0x60 zephyr/subsys/net/ip/libsubsys__net__ip.a(igmp.c.obj)
                0x0000000000010614                net_ipv4_igmp_leave
 .text.net_ipv4_igmp_init
                0x0000000000010674       0x40 zephyr/subsys/net/ip/libsubsys__net__ip.a(igmp.c.obj)
                0x0000000000010674                net_ipv4_igmp_init
 .text.net_stats_reset
                0x00000000000106b4       0x24 zephyr/subsys/net/ip/libsubsys__net__ip.a(net_stats.c.obj)
                0x00000000000106b4                net_stats_reset
 .text.net_stats_update_tcp_seg_drop
                0x00000000000106d8       0x14 zephyr/subsys/net/ip/libsubsys__net__ip.a(tcp.c.obj)
 .text.tcp_send
                0x00000000000106ec       0x4c zephyr/subsys/net/ip/libsubsys__net__ip.a(tcp.c.obj)
 .text.tcp_setup_last_ack_timer
                0x0000000000010738       0x4c zephyr/subsys/net/ip/libsubsys__net__ip.a(tcp.c.obj)
 .text.th_get   0x0000000000010784      0x110 zephyr/subsys/net/ip/libsubsys__net__ip.a(tcp.c.obj)
 .text.tcp_send_timer_cancel
                0x0000000000010894       0x90 zephyr/subsys/net/ip/libsubsys__net__ip.a(tcp.c.obj)
 .text.tcp_enter_time_wait
                0x0000000000010924       0x28 zephyr/subsys/net/ip/libsubsys__net__ip.a(tcp.c.obj)
 .text.tcp_send_process_no_lock
                0x000000000001094c      0x168 zephyr/subsys/net/ip/libsubsys__net__ip.a(tcp.c.obj)
 .text.tcp_conn_release
                0x0000000000010ab4      0x14c zephyr/subsys/net/ip/libsubsys__net__ip.a(tcp.c.obj)
 .text.tcp_endpoint_set
                0x0000000000010c00       0x38 zephyr/subsys/net/ip/libsubsys__net__ip.a(tcp.c.obj)
 .text.tcp_unsent_len
                0x0000000000010c38       0x5c zephyr/subsys/net/ip/libsubsys__net__ip.a(tcp.c.obj)
 .text.tcp_conn_unref.isra.0
                0x0000000000010c94       0x38 zephyr/subsys/net/ip/libsubsys__net__ip.a(tcp.c.obj)
 .text.net_tcp_get
                0x0000000000010ccc      0x210 zephyr/subsys/net/ip/libsubsys__net__ip.a(tcp.c.obj)
                0x0000000000010ccc                net_tcp_get
 .text.net_tcp_accept
                0x0000000000010edc       0x88 zephyr/subsys/net/ip/libsubsys__net__ip.a(tcp.c.obj)
                0x0000000000010edc                net_tcp_accept
 .text.net_tcp_finalize
                0x0000000000010f64       0x70 zephyr/subsys/net/ip/libsubsys__net__ip.a(tcp.c.obj)
                0x0000000000010f64                net_tcp_finalize
 .text.net_tcp_input
                0x0000000000010fd4       0x6c zephyr/subsys/net/ip/libsubsys__net__ip.a(tcp.c.obj)
                0x0000000000010fd4                net_tcp_input
 .text.net_tcp_foreach
                0x0000000000011040       0x70 zephyr/subsys/net/ip/libsubsys__net__ip.a(tcp.c.obj)
                0x0000000000011040                net_tcp_foreach
 .text.tcp_out_ext
                0x00000000000110b0      0x1d0 zephyr/subsys/net/ip/libsubsys__net__ip.a(tcp.c.obj)
 .text.tcp_send_zwp
                0x0000000000011280       0xbc zephyr/subsys/net/ip/libsubsys__net__ip.a(tcp.c.obj)
 .text.net_tcp_put
                0x000000000001133c       0xec zephyr/subsys/net/ip/libsubsys__net__ip.a(tcp.c.obj)
                0x000000000001133c                net_tcp_put
 .text.tcp_send_data
                0x0000000000011428      0x1b4 zephyr/subsys/net/ip/libsubsys__net__ip.a(tcp.c.obj)
 .text.tcp_resend_data
                0x00000000000115dc      0x218 zephyr/subsys/net/ip/libsubsys__net__ip.a(tcp.c.obj)
 .text.net_tcp_update_recv_wnd
                0x00000000000117f4       0x4c zephyr/subsys/net/ip/libsubsys__net__ip.a(tcp.c.obj)
                0x00000000000117f4                net_tcp_update_recv_wnd
 .text.tcp_data_get
                0x0000000000011840      0x110 zephyr/subsys/net/ip/libsubsys__net__ip.a(tcp.c.obj)
 .text.tcp_send_queued_data.part.0
                0x0000000000011950       0xbc zephyr/subsys/net/ip/libsubsys__net__ip.a(tcp.c.obj)
 .text.tcp_in   0x0000000000011a0c     0x10b4 zephyr/subsys/net/ip/libsubsys__net__ip.a(tcp.c.obj)
 .text.net_tcp_connect
                0x0000000000012ac0      0x184 zephyr/subsys/net/ip/libsubsys__net__ip.a(tcp.c.obj)
                0x0000000000012ac0                net_tcp_connect
 .text.tcp_recv
                0x0000000000012c44      0x21c zephyr/subsys/net/ip/libsubsys__net__ip.a(tcp.c.obj)
 .text.net_tcp_state_str
                0x0000000000012e60       0x14 zephyr/subsys/net/ip/libsubsys__net__ip.a(tcp.c.obj)
                0x0000000000012e60                net_tcp_state_str
 .text.net_tcp_init
                0x0000000000012e74       0x50 zephyr/subsys/net/ip/libsubsys__net__ip.a(tcp.c.obj)
                0x0000000000012e74                net_tcp_init
 .text.net_udp_finalize
                0x0000000000012ec4       0x90 zephyr/subsys/net/ip/libsubsys__net__ip.a(udp.c.obj)
                0x0000000000012ec4                net_udp_finalize
 .text.net_udp_input
                0x0000000000012f54       0xa8 zephyr/subsys/net/ip/libsubsys__net__ip.a(udp.c.obj)
                0x0000000000012f54                net_udp_input
 .text.iface_up_handler.part.0
                0x0000000000012ffc       0x58 zephyr/subsys/net/lib/config/libsubsys__net__lib__config.a(init.c.obj)
 .text.iface_up_handler
                0x0000000000013054       0x14 zephyr/subsys/net/lib/config/libsubsys__net__lib__config.a(init.c.obj)
 .text.net_config_init_by_iface
                0x0000000000013068      0x3c4 zephyr/subsys/net/lib/config/libsubsys__net__lib__config.a(init.c.obj)
                0x0000000000013068                net_config_init_by_iface
 .text.net_config_init_app
                0x000000000001342c       0xa8 zephyr/subsys/net/lib/config/libsubsys__net__lib__config.a(init.c.obj)
                0x000000000001342c                net_config_init_app
 .text.init_app
                0x00000000000134d4       0x14 zephyr/subsys/net/lib/config/libsubsys__net__lib__config.a(init.c.obj)
 .text.dns_dispatcher_svc_handler
                0x00000000000134e8      0x200 zephyr/subsys/net/lib/dns/libsubsys__net__lib__dns.a(dispatcher.c.obj)
                0x00000000000134e8                dns_dispatcher_svc_handler
 .text.dns_dispatcher_register
                0x00000000000136e8      0x144 zephyr/subsys/net/lib/dns/libsubsys__net__lib__dns.a(dispatcher.c.obj)
                0x00000000000136e8                dns_dispatcher_register
 .text.dns_dispatcher_init
                0x000000000001382c       0x10 zephyr/subsys/net/lib/dns/libsubsys__net__lib__dns.a(dispatcher.c.obj)
                0x000000000001382c                dns_dispatcher_init
 .text.dns_resolve_init_locked
                0x000000000001383c      0x20c zephyr/subsys/net/lib/dns/libsubsys__net__lib__dns.a(resolve.c.obj)
 .text.dns_write.constprop.0
                0x0000000000013a48      0x124 zephyr/subsys/net/lib/dns/libsubsys__net__lib__dns.a(resolve.c.obj)
 .text.dns_resolve_cancel_with_name
                0x0000000000013b6c       0xa8 zephyr/subsys/net/lib/dns/libsubsys__net__lib__dns.a(resolve.c.obj)
                0x0000000000013b6c                dns_resolve_cancel_with_name
 .text.dispatcher_cb
                0x0000000000013c14      0x32c zephyr/subsys/net/lib/dns/libsubsys__net__lib__dns.a(resolve.c.obj)
 .text.dns_resolve_name
                0x0000000000013f40      0x228 zephyr/subsys/net/lib/dns/libsubsys__net__lib__dns.a(resolve.c.obj)
                0x0000000000013f40                dns_resolve_name
 .text.dns_resolve_get_default
                0x0000000000014168        0x8 zephyr/subsys/net/lib/dns/libsubsys__net__lib__dns.a(resolve.c.obj)
                0x0000000000014168                dns_resolve_get_default
 .text.dns_resolve_init_default
                0x0000000000014170       0x3c zephyr/subsys/net/lib/dns/libsubsys__net__lib__dns.a(resolve.c.obj)
                0x0000000000014170                dns_resolve_init_default
 .text.dns_init_resolver
                0x00000000000141ac        0xc zephyr/subsys/net/lib/dns/libsubsys__net__lib__dns.a(resolve.c.obj)
                0x00000000000141ac                dns_init_resolver
 .text.onoff_stop
                0x00000000000141b8       0x30 zephyr/drivers/clock_control/libdrivers__clock_control.a(clock_control_nrf.c.obj)
 .text.onoff_start
                0x00000000000141e8       0x44 zephyr/drivers/clock_control/libdrivers__clock_control.a(clock_control_nrf.c.obj)
 .text.generic_hfclk_stop
                0x000000000001422c       0x34 zephyr/drivers/clock_control/libdrivers__clock_control.a(clock_control_nrf.c.obj)
 .text.clk_init
                0x0000000000014260       0x58 zephyr/drivers/clock_control/libdrivers__clock_control.a(clock_control_nrf.c.obj)
 .text.api_blocking_start
                0x00000000000142b8       0x3c zephyr/drivers/clock_control/libdrivers__clock_control.a(clock_control_nrf.c.obj)
 .text.clkstarted_handle.constprop.0
                0x00000000000142f4       0x4c zephyr/drivers/clock_control/libdrivers__clock_control.a(clock_control_nrf.c.obj)
 .text.generic_hfclk_start
                0x0000000000014340       0x78 zephyr/drivers/clock_control/libdrivers__clock_control.a(clock_control_nrf.c.obj)
 .text.clock_event_handler
                0x00000000000143b8       0x1c zephyr/drivers/clock_control/libdrivers__clock_control.a(clock_control_nrf.c.obj)
 .text.z_nrf_clock_control_lf_on
                0x00000000000143d4       0xfc zephyr/drivers/clock_control/libdrivers__clock_control.a(clock_control_nrf.c.obj)
                0x00000000000143d4                z_nrf_clock_control_lf_on
 .text.uart_console_init
                0x00000000000144d0       0x28 zephyr/drivers/console/libdrivers__console.a(uart_console.c.obj)
 .text.console_out
                0x00000000000144f8       0x28 zephyr/drivers/console/libdrivers__console.a(uart_console.c.obj)
 .text.random_byte_get
                0x0000000000014520       0x3c zephyr/drivers/entropy/libdrivers__entropy.a(entropy_nrf5.c.obj)
 .text.rng_pool_get
                0x000000000001455c       0x88 zephyr/drivers/entropy/libdrivers__entropy.a(entropy_nrf5.c.obj)
 .text.entropy_nrf5_get_entropy_isr
                0x00000000000145e4       0xa8 zephyr/drivers/entropy/libdrivers__entropy.a(entropy_nrf5.c.obj)
 .text.entropy_nrf5_get_entropy
                0x000000000001468c       0x58 zephyr/drivers/entropy/libdrivers__entropy.a(entropy_nrf5.c.obj)
 .text.entropy_nrf5_init
                0x00000000000146e4       0x70 zephyr/drivers/entropy/libdrivers__entropy.a(entropy_nrf5.c.obj)
 .text.isr      0x0000000000014754       0x74 zephyr/drivers/entropy/libdrivers__entropy.a(entropy_nrf5.c.obj)
 .text.w5500_update_link_status
                0x00000000000147c8       0xc0 zephyr/drivers/ethernet/libdrivers__ethernet.a(eth_w5500.c.obj)
 .text.w5500_thread
                0x0000000000014888      0x1d8 zephyr/drivers/ethernet/libdrivers__ethernet.a(eth_w5500.c.obj)
 .text.w5500_set_config
                0x0000000000014a60       0xac zephyr/drivers/ethernet/libdrivers__ethernet.a(eth_w5500.c.obj)
 .text.w5500_tx
                0x0000000000014b0c       0xbc zephyr/drivers/ethernet/libdrivers__ethernet.a(eth_w5500.c.obj)
 .text.w5500_init
                0x0000000000014bc8      0x2c0 zephyr/drivers/ethernet/libdrivers__ethernet.a(eth_w5500.c.obj)
 .text.gpio_nrfx_pin_interrupt_configure
                0x0000000000014e88      0x100 zephyr/drivers/gpio/libdrivers__gpio.a(gpio_nrfx.c.obj)
 .text.gpio_nrfx_init
                0x0000000000014f88       0x48 zephyr/drivers/gpio/libdrivers__gpio.a(gpio_nrfx.c.obj)
 .text.nrfx_gpio_handler
                0x0000000000014fd0       0x4c zephyr/drivers/gpio/libdrivers__gpio.a(gpio_nrfx.c.obj)
 .text.gpio_nrfx_pin_configure
                0x000000000001501c      0x18c zephyr/drivers/gpio/libdrivers__gpio.a(gpio_nrfx.c.obj)
 .text.nrf_gpio_pin_port_decode
                0x00000000000151a8       0x20 zephyr/drivers/pinctrl/libdrivers__pinctrl.a(pinctrl_nrf.c.obj)
 .text.pinctrl_configure_pins
                0x00000000000151c8      0x170 zephyr/drivers/pinctrl/libdrivers__pinctrl.a(pinctrl_nrf.c.obj)
                0x00000000000151c8                pinctrl_configure_pins
 .text.uarte_nrfx_poll_out
                0x0000000000015338       0xb4 zephyr/drivers/serial/libdrivers__serial.a(uart_nrfx_uarte.c.obj)
 .text.spi_nrfx_init
                0x00000000000153ec      0x130 zephyr/drivers/spi/libdrivers__spi.a(spi_nrfx_spim.c.obj)
 .text.finish_transaction
                0x000000000001551c       0x60 zephyr/drivers/spi/libdrivers__spi.a(spi_nrfx_spim.c.obj)
 .text.transfer_next_chunk
                0x000000000001557c       0xd0 zephyr/drivers/spi/libdrivers__spi.a(spi_nrfx_spim.c.obj)
 .text.event_handler
                0x000000000001564c      0x148 zephyr/drivers/spi/libdrivers__spi.a(spi_nrfx_spim.c.obj)
 .text.spi_nrfx_transceive
                0x0000000000015794      0x4cc zephyr/drivers/spi/libdrivers__spi.a(spi_nrfx_spim.c.obj)
 .text.nrf_gpio_cfg_input
                0x0000000000015c60       0x40 zephyr/drivers/spi/libdrivers__spi.a(spi_nrfx_common.c.obj)
 .text.spi_nrfx_wake_init
                0x0000000000015ca0       0x60 zephyr/drivers/spi/libdrivers__spi.a(spi_nrfx_common.c.obj)
                0x0000000000015ca0                spi_nrfx_wake_init
 .text.compare_int_lock
                0x0000000000015d00       0x48 zephyr/drivers/timer/libdrivers__timer.a(nrf_rtc_timer.c.obj)
 .text.sys_clock_timeout_handler
                0x0000000000015d48       0x48 zephyr/drivers/timer/libdrivers__timer.a(nrf_rtc_timer.c.obj)
 .text.compare_int_unlock
                0x0000000000015d90       0x5c zephyr/drivers/timer/libdrivers__timer.a(nrf_rtc_timer.c.obj)
 .text.z_nrf_rtc_timer_read
                0x0000000000015dec       0x44 zephyr/drivers/timer/libdrivers__timer.a(nrf_rtc_timer.c.obj)
                0x0000000000015dec                z_nrf_rtc_timer_read
 .text.compare_set
                0x0000000000015e30      0x130 zephyr/drivers/timer/libdrivers__timer.a(nrf_rtc_timer.c.obj)
 .text.sys_clock_driver_init
                0x0000000000015f60       0x90 zephyr/drivers/timer/libdrivers__timer.a(nrf_rtc_timer.c.obj)
 .text.rtc_nrf_isr
                0x0000000000015ff0       0xd4 zephyr/drivers/timer/libdrivers__timer.a(nrf_rtc_timer.c.obj)
                0x0000000000015ff0                rtc_nrf_isr
 .text.sys_clock_set_timeout
                0x00000000000160c4       0x5c zephyr/drivers/timer/libdrivers__timer.a(nrf_rtc_timer.c.obj)
                0x00000000000160c4                sys_clock_set_timeout
 .text.sys_clock_elapsed
                0x0000000000016120       0x14 zephyr/drivers/timer/libdrivers__timer.a(nrf_rtc_timer.c.obj)
                0x0000000000016120                sys_clock_elapsed
 .text.nvmc_wait
                0x0000000000016134       0x10 modules/hal_nordic/nrfx/libmodules__hal_nordic__nrfx.a(system_nrf52833.c.obj)
                0x0000000000016134                nvmc_wait
 .text.SystemInit
                0x0000000000016144      0x14c modules/hal_nordic/nrfx/libmodules__hal_nordic__nrfx.a(system_nrf52833.c.obj)
                0x0000000000016144                SystemInit
 .text.nrfx_flag32_alloc
                0x0000000000016290       0x48 modules/hal_nordic/nrfx/libmodules__hal_nordic__nrfx.a(nrfx_flag32_allocator.c.obj)
                0x0000000000016290                nrfx_flag32_alloc
 .text.nrfx_flag32_free
                0x00000000000162d8       0x40 modules/hal_nordic/nrfx/libmodules__hal_nordic__nrfx.a(nrfx_flag32_allocator.c.obj)
                0x00000000000162d8                nrfx_flag32_free
 .text.nrfx_clock_init
                0x0000000000016318       0x20 modules/hal_nordic/nrfx/libmodules__hal_nordic__nrfx.a(nrfx_clock.c.obj)
                0x0000000000016318                nrfx_clock_init
 .text.nrfx_clock_enable
                0x0000000000016338       0x24 modules/hal_nordic/nrfx/libmodules__hal_nordic__nrfx.a(nrfx_clock.c.obj)
                0x0000000000016338                nrfx_clock_enable
 .text.nrfx_clock_start
                0x000000000001635c       0xa8 modules/hal_nordic/nrfx/libmodules__hal_nordic__nrfx.a(nrfx_clock.c.obj)
                0x000000000001635c                nrfx_clock_start
 .text.nrfx_power_clock_irq_handler
                0x0000000000016404       0x64 modules/hal_nordic/nrfx/libmodules__hal_nordic__nrfx.a(nrfx_clock.c.obj)
                0x0000000000016404                nrfx_power_clock_irq_handler
 .text.nrf_gpio_pin_port_decode
                0x0000000000016468       0x20 modules/hal_nordic/nrfx/libmodules__hal_nordic__nrfx.a(nrfx_gpiote.c.obj)
 .text.get_pin_idx
                0x0000000000016488       0x14 modules/hal_nordic/nrfx/libmodules__hal_nordic__nrfx.a(nrfx_gpiote.c.obj)
 .text.call_handler.constprop.0
                0x000000000001649c       0x40 modules/hal_nordic/nrfx/libmodules__hal_nordic__nrfx.a(nrfx_gpiote.c.obj)
 .text.pin_te_get.constprop.0
                0x00000000000164dc       0x18 modules/hal_nordic/nrfx/libmodules__hal_nordic__nrfx.a(nrfx_gpiote.c.obj)
 .text.pin_is_output.constprop.0
                0x00000000000164f4       0x18 modules/hal_nordic/nrfx/libmodules__hal_nordic__nrfx.a(nrfx_gpiote.c.obj)
 .text.pin_in_use_by_te.constprop.0
                0x000000000001650c       0x18 modules/hal_nordic/nrfx/libmodules__hal_nordic__nrfx.a(nrfx_gpiote.c.obj)
 .text.latch_pending_read_and_check
                0x0000000000016524       0x40 modules/hal_nordic/nrfx/libmodules__hal_nordic__nrfx.a(nrfx_gpiote.c.obj)
 .text.release_handler.isra.0
                0x0000000000016564       0x58 modules/hal_nordic/nrfx/libmodules__hal_nordic__nrfx.a(nrfx_gpiote.c.obj)
 .text.__nrfy_internal_gpiote_events_process.constprop.0
                0x00000000000165bc       0x5c modules/hal_nordic/nrfx/libmodules__hal_nordic__nrfx.a(nrfx_gpiote.c.obj)
 .text.pin_uninit
                0x0000000000016618       0x80 modules/hal_nordic/nrfx/libmodules__hal_nordic__nrfx.a(nrfx_gpiote.c.obj)
 .text.nrfx_gpiote_input_configure
                0x0000000000016698      0x174 modules/hal_nordic/nrfx/libmodules__hal_nordic__nrfx.a(nrfx_gpiote.c.obj)
                0x0000000000016698                nrfx_gpiote_input_configure
 .text.nrfx_gpiote_output_configure
                0x000000000001680c       0xfc modules/hal_nordic/nrfx/libmodules__hal_nordic__nrfx.a(nrfx_gpiote.c.obj)
                0x000000000001680c                nrfx_gpiote_output_configure
 .text.nrfx_gpiote_global_callback_set
                0x0000000000016908        0xc modules/hal_nordic/nrfx/libmodules__hal_nordic__nrfx.a(nrfx_gpiote.c.obj)
                0x0000000000016908                nrfx_gpiote_global_callback_set
 .text.nrfx_gpiote_channel_get
                0x0000000000016914       0x34 modules/hal_nordic/nrfx/libmodules__hal_nordic__nrfx.a(nrfx_gpiote.c.obj)
                0x0000000000016914                nrfx_gpiote_channel_get
 .text.nrfx_gpiote_init
                0x0000000000016948       0x68 modules/hal_nordic/nrfx/libmodules__hal_nordic__nrfx.a(nrfx_gpiote.c.obj)
                0x0000000000016948                nrfx_gpiote_init
 .text.nrfx_gpiote_init_check
                0x00000000000169b0       0x14 modules/hal_nordic/nrfx/libmodules__hal_nordic__nrfx.a(nrfx_gpiote.c.obj)
                0x00000000000169b0                nrfx_gpiote_init_check
 .text.nrfx_gpiote_channel_free
                0x00000000000169c4        0xc modules/hal_nordic/nrfx/libmodules__hal_nordic__nrfx.a(nrfx_gpiote.c.obj)
                0x00000000000169c4                nrfx_gpiote_channel_free
 .text.nrfx_gpiote_channel_alloc
                0x00000000000169d0        0xc modules/hal_nordic/nrfx/libmodules__hal_nordic__nrfx.a(nrfx_gpiote.c.obj)
                0x00000000000169d0                nrfx_gpiote_channel_alloc
 .text.nrfx_gpiote_trigger_enable
                0x00000000000169dc       0xb0 modules/hal_nordic/nrfx/libmodules__hal_nordic__nrfx.a(nrfx_gpiote.c.obj)